127.0.0.1 - - [18/Dec/2019:10:35:53 +0330] "GET / HTTP/1.1" 200 612 "-" "Mozilla/5.0 (Windows NT 10.0; WOW64) AppleWebKit/537.36 (KHTML, like Gecko) Chrome/79.0.3945.79 Safari/537.36"
127.0.0.1 - - [18/Dec/2019:10:35:53 +0330] "GET /favicon.ico HTTP/1.1" 404 555 "http://localhost/" "Mozilla/5.0 (Windows NT 10.0; WOW64) AppleWebKit/537.36 (KHTML, like Gecko) Chrome/79.0.3945.79 Safari/537.36"
127.0.0.1 - - [18/Dec/2019:10:36:14 +0330] "GET / HTTP/1.1" 304 0 "-" "Mozilla/5.0 (Windows NT 10.0; WOW64) AppleWebKit/537.36 (KHTML, like Gecko) Chrome/79.0.3945.79 Safari/537.36"
127.0.0.1 - - [18/Dec/2019:10:36:15 +0330] "GET / HTTP/1.1" 304 0 "-" "Mozilla/5.0 (Windows NT 10.0; WOW64) AppleWebKit/537.36 (KHTML, like Gecko) Chrome/79.0.3945.79 Safari/537.36"
127.0.0.1 - - [18/Dec/2019:10:36:16 +0330] "GET / HTTP/1.1" 304 0 "-" "Mozilla/5.0 (Windows NT 10.0; WOW64) AppleWebKit/537.36 (KHTML, like Gecko) Chrome/79.0.3945.79 Safari/537.36"
127.0.0.1 - - [18/Dec/2019:10:36:31 +0330] "GET / HTTP/1.1" 304 0 "-" "Mozilla/5.0 (Windows NT 10.0; WOW64) AppleWebKit/537.36 (KHTML, like Gecko) Chrome/79.0.3945.79 Safari/537.36"
127.0.0.1 - - [18/Dec/2019:10:36:49 +0330] "GET / HTTP/1.1" 304 0 "-" "Mozilla/5.0 (Windows NT 10.0; WOW64) AppleWebKit/537.36 (KHTML, like Gecko) Chrome/79.0.3945.79 Safari/537.36"
127.0.0.1 - - [18/Dec/2019:10:36:50 +0330] "GET / HTTP/1.1" 304 0 "-" "Mozilla/5.0 (Windows NT 10.0; WOW64) AppleWebKit/537.36 (KHTML, like Gecko) Chrome/79.0.3945.79 Safari/537.36"
127.0.0.1 - - [18/Dec/2019:10:39:25 +0330] "GET / HTTP/1.1" 304 0 "-" "Mozilla/5.0 (Windows NT 10.0; WOW64) AppleWebKit/537.36 (KHTML, like Gecko) Chrome/79.0.3945.79 Safari/537.36"
127.0.0.1 - - [18/Dec/2019:10:40:17 +0330] "GET / HTTP/1.1" 304 0 "-" "Mozilla/5.0 (Windows NT 10.0; WOW64) AppleWebKit/537.36 (KHTML, like Gecko) Chrome/79.0.3945.79 Safari/537.36"
127.0.0.1 - - [18/Dec/2019:10:45:47 +0330] "GET / HTTP/1.1" 200 289 "-" "Mozilla/5.0 (Windows NT 10.0; WOW64) AppleWebKit/537.36 (KHTML, like Gecko) Chrome/79.0.3945.79 Safari/537.36"
127.0.0.1 - - [18/Dec/2019:10:47:31 +0330] "GET / HTTP/1.1" 304 0 "-" "Mozilla/5.0 (Windows NT 10.0; WOW64) AppleWebKit/537.36 (KHTML, like Gecko) Chrome/79.0.3945.79 Safari/537.36"
127.0.0.1 - - [18/Dec/2019:10:47:32 +0330] "GET / HTTP/1.1" 304 0 "-" "Mozilla/5.0 (Windows NT 10.0; WOW64) AppleWebKit/537.36 (KHTML, like Gecko) Chrome/79.0.3945.79 Safari/537.36"
127.0.0.1 - - [18/Dec/2019:10:47:54 +0330] "GET / HTTP/1.1" 304 0 "-" "Mozilla/5.0 (Windows NT 10.0; WOW64) AppleWebKit/537.36 (KHTML, like Gecko) Chrome/79.0.3945.79 Safari/537.36"
127.0.0.1 - - [18/Dec/2019:10:48:10 +0330] "GET / HTTP/1.1" 304 0 "-" "Mozilla/5.0 (Windows NT 10.0; WOW64) AppleWebKit/537.36 (KHTML, like Gecko) Chrome/79.0.3945.79 Safari/537.36"
127.0.0.1 - - [18/Dec/2019:10:49:06 +0330] "GET / HTTP/1.1" 304 0 "-" "Mozilla/5.0 (Windows NT 10.0; WOW64) AppleWebKit/537.36 (KHTML, like Gecko) Chrome/79.0.3945.79 Safari/537.36"
127.0.0.1 - - [18/Dec/2019:10:51:55 +0330] "GET / HTTP/1.1" 304 0 "-" "Mozilla/5.0 (Windows NT 10.0; WOW64) AppleWebKit/537.36 (KHTML, like Gecko) Chrome/79.0.3945.79 Safari/537.36"
127.0.0.1 - - [18/Dec/2019:10:52:00 +0330] "GET / HTTP/1.1" 304 0 "-" "Mozilla/5.0 (Windows NT 10.0; WOW64) AppleWebKit/537.36 (KHTML, like Gecko) Chrome/79.0.3945.79 Safari/537.36"
127.0.0.1 - - [18/Dec/2019:10:52:02 +0330] "GET / HTTP/1.1" 304 0 "-" "Mozilla/5.0 (Windows NT 10.0; WOW64) AppleWebKit/537.36 (KHTML, like Gecko) Chrome/79.0.3945.79 Safari/537.36"
127.0.0.1 - - [18/Dec/2019:10:52:03 +0330] "GET / HTTP/1.1" 304 0 "-" "Mozilla/5.0 (Windows NT 10.0; WOW64) AppleWebKit/537.36 (KHTML, like Gecko) Chrome/79.0.3945.79 Safari/537.36"
127.0.0.1 - - [18/Dec/2019:10:52:03 +0330] "GET / HTTP/1.1" 304 0 "-" "Mozilla/5.0 (Windows NT 10.0; WOW64) AppleWebKit/537.36 (KHTML, like Gecko) Chrome/79.0.3945.79 Safari/537.36"
127.0.0.1 - - [18/Dec/2019:10:52:11 +0330] "GET / HTTP/1.1" 304 0 "-" "Mozilla/5.0 (Windows NT 10.0; WOW64) AppleWebKit/537.36 (KHTML, like Gecko) Chrome/79.0.3945.79 Safari/537.36"
127.0.0.1 - - [18/Dec/2019:10:53:02 +0330] "GET / HTTP/1.1" 304 0 "-" "Mozilla/5.0 (Windows NT 10.0; WOW64) AppleWebKit/537.36 (KHTML, like Gecko) Chrome/79.0.3945.79 Safari/537.36"
127.0.0.1 - - [18/Dec/2019:10:59:52 +0330] "GET / HTTP/1.1" 200 526 "-" "Mozilla/5.0 (Windows NT 10.0; WOW64) AppleWebKit/537.36 (KHTML, like Gecko) Chrome/79.0.3945.79 Safari/537.36"
127.0.0.1 - - [18/Dec/2019:10:59:52 +0330] "GET /runtime.js HTTP/1.1" 200 6299 "http://localhost/" "Mozilla/5.0 (Windows NT 10.0; WOW64) AppleWebKit/537.36 (KHTML, like Gecko) Chrome/79.0.3945.79 Safari/537.36"
127.0.0.1 - - [18/Dec/2019:10:59:52 +0330] "GET /polyfills.js HTTP/1.1" 200 269911 "http://localhost/" "Mozilla/5.0 (Windows NT 10.0; WOW64) AppleWebKit/537.36 (KHTML, like Gecko) Chrome/79.0.3945.79 Safari/537.36"
127.0.0.1 - - [18/Dec/2019:10:59:52 +0330] "GET /styles.js HTTP/1.1" 200 1218889 "http://localhost/" "Mozilla/5.0 (Windows NT 10.0; WOW64) AppleWebKit/537.36 (KHTML, like Gecko) Chrome/79.0.3945.79 Safari/537.36"
127.0.0.1 - - [18/Dec/2019:10:59:52 +0330] "GET /main.js HTTP/1.1" 200 37526 "http://localhost/" "Mozilla/5.0 (Windows NT 10.0; WOW64) AppleWebKit/537.36 (KHTML, like Gecko) Chrome/79.0.3945.79 Safari/537.36"
127.0.0.1 - - [18/Dec/2019:10:59:52 +0330] "GET /vendor.js HTTP/1.1" 200 5070739 "http://localhost/" "Mozilla/5.0 (Windows NT 10.0; WOW64) AppleWebKit/537.36 (KHTML, like Gecko) Chrome/79.0.3945.79 Safari/537.36"
127.0.0.1 - - [18/Dec/2019:10:59:53 +0330] "GET /sockjs-node/info?t=1576654193336 HTTP/1.1" 200 90 "http://localhost/" "Mozilla/5.0 (Windows NT 10.0; WOW64) AppleWebKit/537.36 (KHTML, like Gecko) Chrome/79.0.3945.79 Safari/537.36"
127.0.0.1 - - [18/Dec/2019:10:59:53 +0330] "GET /sockjs-node/432/yyrbgcrn/websocket HTTP/1.1" 400 40 "-" "Mozilla/5.0 (Windows NT 10.0; WOW64) AppleWebKit/537.36 (KHTML, like Gecko) Chrome/79.0.3945.79 Safari/537.36"
127.0.0.1 - - [18/Dec/2019:10:59:54 +0330] "POST /sockjs-node/432/vbxvv4f1/xhr_streaming?t=1576654193697 HTTP/1.1" 499 0 "http://localhost/" "Mozilla/5.0 (Windows NT 10.0; WOW64) AppleWebKit/537.36 (KHTML, like Gecko) Chrome/79.0.3945.79 Safari/537.36"
127.0.0.1 - - [18/Dec/2019:10:59:54 +0330] "GET /sockjs-node/432/ujd3e0nl/eventsource HTTP/1.1" 200 133 "http://localhost/" "Mozilla/5.0 (Windows NT 10.0; WOW64) AppleWebKit/537.36 (KHTML, like Gecko) Chrome/79.0.3945.79 Safari/537.36"
127.0.0.1 - - [18/Dec/2019:10:59:54 +0330] "GET /sockjs-node/iframe.html HTTP/1.1" 200 449 "http://localhost/" "Mozilla/5.0 (Windows NT 10.0; WOW64) AppleWebKit/537.36 (KHTML, like Gecko) Chrome/79.0.3945.79 Safari/537.36"
127.0.0.1 - - [18/Dec/2019:10:59:54 +0330] "GET /__webpack_dev_server__/sockjs.bundle.js HTTP/1.1" 200 56291 "http://localhost/sockjs-node/iframe.html" "Mozilla/5.0 (Windows NT 10.0; WOW64) AppleWebKit/537.36 (KHTML, like Gecko) Chrome/79.0.3945.79 Safari/537.36"
127.0.0.1 - - [18/Dec/2019:10:59:54 +0330] "GET /sockjs-node/432/rv1dt31n/eventsource HTTP/1.1" 200 133 "http://localhost/sockjs-node/iframe.html" "Mozilla/5.0 (Windows NT 10.0; WOW64) AppleWebKit/537.36 (KHTML, like Gecko) Chrome/79.0.3945.79 Safari/537.36"
127.0.0.1 - - [18/Dec/2019:10:59:55 +0330] "GET /sockjs-node/info?t=1576654195645 HTTP/1.1" 200 90 "http://localhost/" "Mozilla/5.0 (Windows NT 10.0; WOW64) AppleWebKit/537.36 (KHTML, like Gecko) Chrome/79.0.3945.79 Safari/537.36"
127.0.0.1 - - [18/Dec/2019:10:59:55 +0330] "GET /sockjs-node/403/g5eczxqh/websocket HTTP/1.1" 400 40 "-" "Mozilla/5.0 (Windows NT 10.0; WOW64) AppleWebKit/537.36 (KHTML, like Gecko) Chrome/79.0.3945.79 Safari/537.36"
127.0.0.1 - - [18/Dec/2019:10:59:56 +0330] "POST /sockjs-node/403/r5tfocsp/xhr_streaming?t=1576654195957 HTTP/1.1" 499 0 "http://localhost/" "Mozilla/5.0 (Windows NT 10.0; WOW64) AppleWebKit/537.36 (KHTML, like Gecko) Chrome/79.0.3945.79 Safari/537.36"
127.0.0.1 - - [18/Dec/2019:10:59:56 +0330] "GET /sockjs-node/403/kryno2qg/eventsource HTTP/1.1" 200 133 "http://localhost/" "Mozilla/5.0 (Windows NT 10.0; WOW64) AppleWebKit/537.36 (KHTML, like Gecko) Chrome/79.0.3945.79 Safari/537.36"
127.0.0.1 - - [18/Dec/2019:10:59:57 +0330] "GET /sockjs-node/info?t=1576654197297 HTTP/1.1" 200 89 "http://localhost/" "Mozilla/5.0 (Windows NT 10.0; WOW64) AppleWebKit/537.36 (KHTML, like Gecko) Chrome/79.0.3945.79 Safari/537.36"
127.0.0.1 - - [18/Dec/2019:10:59:57 +0330] "GET /sockjs-node/158/jinvgmte/websocket HTTP/1.1" 400 40 "-" "Mozilla/5.0 (Windows NT 10.0; WOW64) AppleWebKit/537.36 (KHTML, like Gecko) Chrome/79.0.3945.79 Safari/537.36"
127.0.0.1 - - [18/Dec/2019:10:59:57 +0330] "POST /sockjs-node/158/bnlocilc/xhr_streaming?t=1576654197624 HTTP/1.1" 499 0 "http://localhost/" "Mozilla/5.0 (Windows NT 10.0; WOW64) AppleWebKit/537.36 (KHTML, like Gecko) Chrome/79.0.3945.79 Safari/537.36"
127.0.0.1 - - [18/Dec/2019:10:59:58 +0330] "GET /sockjs-node/158/cjev4w0u/eventsource HTTP/1.1" 200 133 "http://localhost/" "Mozilla/5.0 (Windows NT 10.0; WOW64) AppleWebKit/537.36 (KHTML, like Gecko) Chrome/79.0.3945.79 Safari/537.36"
127.0.0.1 - - [18/Dec/2019:10:59:58 +0330] "GET /__webpack_dev_server__/sockjs.bundle.js HTTP/1.1" 200 56291 "http://localhost/sockjs-node/iframe.html" "Mozilla/5.0 (Windows NT 10.0; WOW64) AppleWebKit/537.36 (KHTML, like Gecko) Chrome/79.0.3945.79 Safari/537.36"
127.0.0.1 - - [18/Dec/2019:10:59:58 +0330] "GET /sockjs-node/158/0r3hp44a/eventsource HTTP/1.1" 200 133 "http://localhost/sockjs-node/iframe.html" "Mozilla/5.0 (Windows NT 10.0; WOW64) AppleWebKit/537.36 (KHTML, like Gecko) Chrome/79.0.3945.79 Safari/537.36"
127.0.0.1 - - [18/Dec/2019:10:59:59 +0330] "GET /sockjs-node/info?t=1576654199409 HTTP/1.1" 200 89 "http://localhost/" "Mozilla/5.0 (Windows NT 10.0; WOW64) AppleWebKit/537.36 (KHTML, like Gecko) Chrome/79.0.3945.79 Safari/537.36"
127.0.0.1 - - [18/Dec/2019:10:59:59 +0330] "GET /sockjs-node/012/cukga441/websocket HTTP/1.1" 400 40 "-" "Mozilla/5.0 (Windows NT 10.0; WOW64) AppleWebKit/537.36 (KHTML, like Gecko) Chrome/79.0.3945.79 Safari/537.36"
127.0.0.1 - - [18/Dec/2019:11:00:00 +0330] "POST /sockjs-node/012/h0t1g0lh/xhr_streaming?t=1576654199740 HTTP/1.1" 499 0 "http://localhost/" "Mozilla/5.0 (Windows NT 10.0; WOW64) AppleWebKit/537.36 (KHTML, like Gecko) Chrome/79.0.3945.79 Safari/537.36"
127.0.0.1 - - [18/Dec/2019:11:00:00 +0330] "GET /sockjs-node/012/c5t5ee4p/eventsource HTTP/1.1" 200 133 "http://localhost/" "Mozilla/5.0 (Windows NT 10.0; WOW64) AppleWebKit/537.36 (KHTML, like Gecko) Chrome/79.0.3945.79 Safari/537.36"
127.0.0.1 - - [18/Dec/2019:11:00:01 +0330] "GET /sockjs-node/info?t=1576654201103 HTTP/1.1" 200 90 "http://localhost/" "Mozilla/5.0 (Windows NT 10.0; WOW64) AppleWebKit/537.36 (KHTML, like Gecko) Chrome/79.0.3945.79 Safari/537.36"
127.0.0.1 - - [18/Dec/2019:11:00:01 +0330] "GET /sockjs-node/507/djeutfvt/websocket HTTP/1.1" 400 40 "-" "Mozilla/5.0 (Windows NT 10.0; WOW64) AppleWebKit/537.36 (KHTML, like Gecko) Chrome/79.0.3945.79 Safari/537.36"
127.0.0.1 - - [18/Dec/2019:11:00:01 +0330] "POST /sockjs-node/507/aboygxp1/xhr_streaming?t=1576654201437 HTTP/1.1" 499 0 "http://localhost/" "Mozilla/5.0 (Windows NT 10.0; WOW64) AppleWebKit/537.36 (KHTML, like Gecko) Chrome/79.0.3945.79 Safari/537.36"
127.0.0.1 - - [18/Dec/2019:11:00:02 +0330] "GET /sockjs-node/507/2qbcdvq3/eventsource HTTP/1.1" 200 133 "http://localhost/" "Mozilla/5.0 (Windows NT 10.0; WOW64) AppleWebKit/537.36 (KHTML, like Gecko) Chrome/79.0.3945.79 Safari/537.36"
127.0.0.1 - - [18/Dec/2019:11:00:02 +0330] "GET /__webpack_dev_server__/sockjs.bundle.js HTTP/1.1" 200 56291 "http://localhost/sockjs-node/iframe.html" "Mozilla/5.0 (Windows NT 10.0; WOW64) AppleWebKit/537.36 (KHTML, like Gecko) Chrome/79.0.3945.79 Safari/537.36"
127.0.0.1 - - [18/Dec/2019:11:00:02 +0330] "GET /sockjs-node/507/ol4i2iks/eventsource HTTP/1.1" 200 133 "http://localhost/sockjs-node/iframe.html" "Mozilla/5.0 (Windows NT 10.0; WOW64) AppleWebKit/537.36 (KHTML, like Gecko) Chrome/79.0.3945.79 Safari/537.36"
127.0.0.1 - - [18/Dec/2019:11:00:03 +0330] "GET /sockjs-node/info?t=1576654203211 HTTP/1.1" 200 90 "http://localhost/" "Mozilla/5.0 (Windows NT 10.0; WOW64) AppleWebKit/537.36 (KHTML, like Gecko) Chrome/79.0.3945.79 Safari/537.36"
127.0.0.1 - - [18/Dec/2019:11:00:03 +0330] "GET /sockjs-node/177/gm3x1wnl/websocket HTTP/1.1" 400 40 "-" "Mozilla/5.0 (Windows NT 10.0; WOW64) AppleWebKit/537.36 (KHTML, like Gecko) Chrome/79.0.3945.79 Safari/537.36"
127.0.0.1 - - [18/Dec/2019:11:00:03 +0330] "POST /sockjs-node/177/f1z4bg1p/xhr_streaming?t=1576654203545 HTTP/1.1" 499 0 "http://localhost/" "Mozilla/5.0 (Windows NT 10.0; WOW64) AppleWebKit/537.36 (KHTML, like Gecko) Chrome/79.0.3945.79 Safari/537.36"
127.0.0.1 - - [18/Dec/2019:11:00:03 +0330] "GET /sockjs-node/177/awgmcsrn/eventsource HTTP/1.1" 200 133 "http://localhost/" "Mozilla/5.0 (Windows NT 10.0; WOW64) AppleWebKit/537.36 (KHTML, like Gecko) Chrome/79.0.3945.79 Safari/537.36"
127.0.0.1 - - [18/Dec/2019:11:00:06 +0330] "GET /sockjs-node/info?t=1576654204934 HTTP/1.1" 200 90 "http://localhost/" "Mozilla/5.0 (Windows NT 10.0; WOW64) AppleWebKit/537.36 (KHTML, like Gecko) Chrome/79.0.3945.79 Safari/537.36"
127.0.0.1 - - [18/Dec/2019:11:00:06 +0330] "GET /sockjs-node/985/nqzysddj/websocket HTTP/1.1" 400 40 "-" "Mozilla/5.0 (Windows NT 10.0; WOW64) AppleWebKit/537.36 (KHTML, like Gecko) Chrome/79.0.3945.79 Safari/537.36"
127.0.0.1 - - [18/Dec/2019:11:00:16 +0330] "POST /sockjs-node/985/ylj52izm/xhr_streaming?t=1576654206590 HTTP/1.1" 499 0 "http://localhost/" "Mozilla/5.0 (Windows NT 10.0; WOW64) AppleWebKit/537.36 (KHTML, like Gecko) Chrome/79.0.3945.79 Safari/537.36"
127.0.0.1 - - [18/Dec/2019:11:00:17 +0330] "GET /sockjs-node/985/hxbjdmzx/eventsource HTTP/1.1" 200 133 "http://localhost/" "Mozilla/5.0 (Windows NT 10.0; WOW64) AppleWebKit/537.36 (KHTML, like Gecko) Chrome/79.0.3945.79 Safari/537.36"
127.0.0.1 - - [18/Dec/2019:11:00:17 +0330] "GET /__webpack_dev_server__/sockjs.bundle.js HTTP/1.1" 200 56291 "http://localhost/sockjs-node/iframe.html" "Mozilla/5.0 (Windows NT 10.0; WOW64) AppleWebKit/537.36 (KHTML, like Gecko) Chrome/79.0.3945.79 Safari/537.36"
127.0.0.1 - - [18/Dec/2019:11:00:18 +0330] "GET /sockjs-node/985/1d2gkiao/eventsource HTTP/1.1" 200 133 "http://localhost/sockjs-node/iframe.html" "Mozilla/5.0 (Windows NT 10.0; WOW64) AppleWebKit/537.36 (KHTML, like Gecko) Chrome/79.0.3945.79 Safari/537.36"
127.0.0.1 - - [18/Dec/2019:11:00:19 +0330] "GET /sockjs-node/info?t=1576654219475 HTTP/1.1" 200 89 "http://localhost/" "Mozilla/5.0 (Windows NT 10.0; WOW64) AppleWebKit/537.36 (KHTML, like Gecko) Chrome/79.0.3945.79 Safari/537.36"
127.0.0.1 - - [18/Dec/2019:11:00:19 +0330] "GET /sockjs-node/229/lrq1pgzw/websocket HTTP/1.1" 400 40 "-" "Mozilla/5.0 (Windows NT 10.0; WOW64) AppleWebKit/537.36 (KHTML, like Gecko) Chrome/79.0.3945.79 Safari/537.36"
192.168.31.186 - - [18/Dec/2019:11:00:19 +0330] "GET / HTTP/1.1" 200 526 "-" "Mozilla/5.0 (Windows NT 6.1; Win64; x64) AppleWebKit/537.36 (KHTML, like Gecko) Chrome/79.0.3945.79 Safari/537.36"
127.0.0.1 - - [18/Dec/2019:11:00:20 +0330] "POST /sockjs-node/229/pvsjqscc/xhr_streaming?t=1576654219813 HTTP/1.1" 499 0 "http://localhost/" "Mozilla/5.0 (Windows NT 10.0; WOW64) AppleWebKit/537.36 (KHTML, like Gecko) Chrome/79.0.3945.79 Safari/537.36"
127.0.0.1 - - [18/Dec/2019:11:00:20 +0330] "GET /sockjs-node/229/caga0brp/eventsource HTTP/1.1" 200 133 "http://localhost/" "Mozilla/5.0 (Windows NT 10.0; WOW64) AppleWebKit/537.36 (KHTML, like Gecko) Chrome/79.0.3945.79 Safari/537.36"
192.168.31.186 - - [18/Dec/2019:11:00:20 +0330] "GET /runtime.js HTTP/1.1" 200 6299 "http://192.168.31.51/" "Mozilla/5.0 (Windows NT 6.1; Win64; x64) AppleWebKit/537.36 (KHTML, like Gecko) Chrome/79.0.3945.79 Safari/537.36"
192.168.31.186 - - [18/Dec/2019:11:00:20 +0330] "GET /main.js HTTP/1.1" 200 37526 "http://192.168.31.51/" "Mozilla/5.0 (Windows NT 6.1; Win64; x64) AppleWebKit/537.36 (KHTML, like Gecko) Chrome/79.0.3945.79 Safari/537.36"
192.168.31.186 - - [18/Dec/2019:11:00:20 +0330] "GET /polyfills.js HTTP/1.1" 200 269911 "http://192.168.31.51/" "Mozilla/5.0 (Windows NT 6.1; Win64; x64) AppleWebKit/537.36 (KHTML, like Gecko) Chrome/79.0.3945.79 Safari/537.36"
192.168.31.186 - - [18/Dec/2019:11:00:21 +0330] "GET /styles.js HTTP/1.1" 200 1218889 "http://192.168.31.51/" "Mozilla/5.0 (Windows NT 6.1; Win64; x64) AppleWebKit/537.36 (KHTML, like Gecko) Chrome/79.0.3945.79 Safari/537.36"
127.0.0.1 - - [18/Dec/2019:11:00:21 +0330] "GET /sockjs-node/info?t=1576654221212 HTTP/1.1" 200 90 "http://localhost/" "Mozilla/5.0 (Windows NT 10.0; WOW64) AppleWebKit/537.36 (KHTML, like Gecko) Chrome/79.0.3945.79 Safari/537.36"
192.168.31.186 - - [18/Dec/2019:11:00:21 +0330] "GET /vendor.js HTTP/1.1" 200 5070739 "http://192.168.31.51/" "Mozilla/5.0 (Windows NT 6.1; Win64; x64) AppleWebKit/537.36 (KHTML, like Gecko) Chrome/79.0.3945.79 Safari/537.36"
127.0.0.1 - - [18/Dec/2019:11:00:21 +0330] "GET /sockjs-node/642/p15ewqzq/websocket HTTP/1.1" 400 40 "-" "Mozilla/5.0 (Windows NT 10.0; WOW64) AppleWebKit/537.36 (KHTML, like Gecko) Chrome/79.0.3945.79 Safari/537.36"
127.0.0.1 - - [18/Dec/2019:11:00:21 +0330] "POST /sockjs-node/642/jvnhm02g/xhr_streaming?t=1576654221555 HTTP/1.1" 499 0 "http://localhost/" "Mozilla/5.0 (Windows NT 10.0; WOW64) AppleWebKit/537.36 (KHTML, like Gecko) Chrome/79.0.3945.79 Safari/537.36"
192.168.31.186 - - [18/Dec/2019:11:00:21 +0330] "GET /sockjs-node/info?t=1576654142012 HTTP/1.1" 200 90 "http://192.168.31.51/" "Mozilla/5.0 (Windows NT 6.1; Win64; x64) AppleWebKit/537.36 (KHTML, like Gecko) Chrome/79.0.3945.79 Safari/537.36"
192.168.31.186 - - [18/Dec/2019:11:00:21 +0330] "GET /favicon.ico HTTP/1.1" 200 948 "http://192.168.31.51/" "Mozilla/5.0 (Windows NT 6.1; Win64; x64) AppleWebKit/537.36 (KHTML, like Gecko) Chrome/79.0.3945.79 Safari/537.36"
192.168.31.186 - - [18/Dec/2019:11:00:21 +0330] "GET /sockjs-node/531/fbe010vv/websocket HTTP/1.1" 400 40 "-" "Mozilla/5.0 (Windows NT 6.1; Win64; x64) AppleWebKit/537.36 (KHTML, like Gecko) Chrome/79.0.3945.79 Safari/537.36"
127.0.0.1 - - [18/Dec/2019:11:00:22 +0330] "GET /sockjs-node/642/rfeptqhy/eventsource HTTP/1.1" 200 133 "http://localhost/" "Mozilla/5.0 (Windows NT 10.0; WOW64) AppleWebKit/537.36 (KHTML, like Gecko) Chrome/79.0.3945.79 Safari/537.36"
192.168.31.186 - - [18/Dec/2019:11:00:22 +0330] "POST /sockjs-node/531/cgacukaw/xhr_streaming?t=1576654142037 HTTP/1.1" 499 0 "http://192.168.31.51/" "Mozilla/5.0 (Windows NT 6.1; Win64; x64) AppleWebKit/537.36 (KHTML, like Gecko) Chrome/79.0.3945.79 Safari/537.36"
192.168.31.186 - - [18/Dec/2019:11:00:22 +0330] "GET /sockjs-node/531/iskuec2a/eventsource HTTP/1.1" 200 133 "http://192.168.31.51/" "Mozilla/5.0 (Windows NT 6.1; Win64; x64) AppleWebKit/537.36 (KHTML, like Gecko) Chrome/79.0.3945.79 Safari/537.36"
192.168.31.186 - - [18/Dec/2019:11:00:22 +0330] "GET /sockjs-node/iframe.html HTTP/1.1" 200 449 "http://192.168.31.51/" "Mozilla/5.0 (Windows NT 6.1; Win64; x64) AppleWebKit/537.36 (KHTML, like Gecko) Chrome/79.0.3945.79 Safari/537.36"
192.168.31.186 - - [18/Dec/2019:11:00:22 +0330] "GET /__webpack_dev_server__/sockjs.bundle.js HTTP/1.1" 200 56299 "http://192.168.31.51/sockjs-node/iframe.html" "Mozilla/5.0 (Windows NT 6.1; Win64; x64) AppleWebKit/537.36 (KHTML, like Gecko) Chrome/79.0.3945.79 Safari/537.36"
192.168.31.186 - - [18/Dec/2019:11:00:22 +0330] "GET /sockjs-node/531/r5vbb5ku/eventsource HTTP/1.1" 200 133 "http://192.168.31.51/sockjs-node/iframe.html" "Mozilla/5.0 (Windows NT 6.1; Win64; x64) AppleWebKit/537.36 (KHTML, like Gecko) Chrome/79.0.3945.79 Safari/537.36"
127.0.0.1 - - [18/Dec/2019:11:00:23 +0330] "GET /sockjs-node/info?t=1576654223203 HTTP/1.1" 200 90 "http://localhost/" "Mozilla/5.0 (Windows NT 10.0; WOW64) AppleWebKit/537.36 (KHTML, like Gecko) Chrome/79.0.3945.79 Safari/537.36"
127.0.0.1 - - [18/Dec/2019:11:00:23 +0330] "GET /sockjs-node/409/1n1aawcw/websocket HTTP/1.1" 400 40 "-" "Mozilla/5.0 (Windows NT 10.0; WOW64) AppleWebKit/537.36 (KHTML, like Gecko) Chrome/79.0.3945.79 Safari/537.36"
192.168.31.186 - - [18/Dec/2019:11:00:23 +0330] "GET /sockjs-node/info?t=1576654143819 HTTP/1.1" 200 90 "http://192.168.31.51/" "Mozilla/5.0 (Windows NT 6.1; Win64; x64) AppleWebKit/537.36 (KHTML, like Gecko) Chrome/79.0.3945.79 Safari/537.36"
192.168.31.186 - - [18/Dec/2019:11:00:23 +0330] "GET /sockjs-node/208/tl5y4cbq/websocket HTTP/1.1" 400 40 "-" "Mozilla/5.0 (Windows NT 6.1; Win64; x64) AppleWebKit/537.36 (KHTML, like Gecko) Chrome/79.0.3945.79 Safari/537.36"
127.0.0.1 - - [18/Dec/2019:11:00:23 +0330] "POST /sockjs-node/409/ykufgisb/xhr_streaming?t=1576654223562 HTTP/1.1" 499 0 "http://localhost/" "Mozilla/5.0 (Windows NT 10.0; WOW64) AppleWebKit/537.36 (KHTML, like Gecko) Chrome/79.0.3945.79 Safari/537.36"
127.0.0.1 - - [18/Dec/2019:11:00:23 +0330] "GET /sockjs-node/409/4ieylaow/eventsource HTTP/1.1" 200 133 "http://localhost/" "Mozilla/5.0 (Windows NT 10.0; WOW64) AppleWebKit/537.36 (KHTML, like Gecko) Chrome/79.0.3945.79 Safari/537.36"
192.168.31.186 - - [18/Dec/2019:11:00:24 +0330] "POST /sockjs-node/208/s3dsbmws/xhr_streaming?t=1576654143852 HTTP/1.1" 499 0 "http://192.168.31.51/" "Mozilla/5.0 (Windows NT 6.1; Win64; x64) AppleWebKit/537.36 (KHTML, like Gecko) Chrome/79.0.3945.79 Safari/537.36"
192.168.31.186 - - [18/Dec/2019:11:00:24 +0330] "GET /sockjs-node/208/dcahbabq/eventsource HTTP/1.1" 200 133 "http://192.168.31.51/" "Mozilla/5.0 (Windows NT 6.1; Win64; x64) AppleWebKit/537.36 (KHTML, like Gecko) Chrome/79.0.3945.79 Safari/537.36"
192.168.31.186 - - [18/Dec/2019:11:00:24 +0330] "GET /__webpack_dev_server__/sockjs.bundle.js HTTP/1.1" 200 56299 "http://192.168.31.51/sockjs-node/iframe.html" "Mozilla/5.0 (Windows NT 6.1; Win64; x64) AppleWebKit/537.36 (KHTML, like Gecko) Chrome/79.0.3945.79 Safari/537.36"
192.168.31.186 - - [18/Dec/2019:11:00:24 +0330] "GET /sockjs-node/208/r3czgd53/eventsource HTTP/1.1" 200 133 "http://192.168.31.51/sockjs-node/iframe.html" "Mozilla/5.0 (Windows NT 6.1; Win64; x64) AppleWebKit/537.36 (KHTML, like Gecko) Chrome/79.0.3945.79 Safari/537.36"
127.0.0.1 - - [18/Dec/2019:11:00:25 +0330] "GET /sockjs-node/info?t=1576654224911 HTTP/1.1" 200 90 "http://localhost/" "Mozilla/5.0 (Windows NT 10.0; WOW64) AppleWebKit/537.36 (KHTML, like Gecko) Chrome/79.0.3945.79 Safari/537.36"
192.168.31.186 - - [18/Dec/2019:11:00:25 +0330] "GET /sockjs-node/info?t=1576654145650 HTTP/1.1" 200 90 "http://192.168.31.51/" "Mozilla/5.0 (Windows NT 6.1; Win64; x64) AppleWebKit/537.36 (KHTML, like Gecko) Chrome/79.0.3945.79 Safari/537.36"
192.168.31.186 - - [18/Dec/2019:11:00:25 +0330] "GET /sockjs-node/323/za0bkgur/websocket HTTP/1.1" 400 40 "-" "Mozilla/5.0 (Windows NT 6.1; Win64; x64) AppleWebKit/537.36 (KHTML, like Gecko) Chrome/79.0.3945.79 Safari/537.36"
127.0.0.1 - - [18/Dec/2019:11:00:25 +0330] "GET /sockjs-node/464/jfksmfrx/websocket HTTP/1.1" 400 40 "-" "Mozilla/5.0 (Windows NT 10.0; WOW64) AppleWebKit/537.36 (KHTML, like Gecko) Chrome/79.0.3945.79 Safari/537.36"
192.168.31.186 - - [18/Dec/2019:11:00:26 +0330] "POST /sockjs-node/323/zcuuwhnc/xhr_streaming?t=1576654145671 HTTP/1.1" 499 0 "http://192.168.31.51/" "Mozilla/5.0 (Windows NT 6.1; Win64; x64) AppleWebKit/537.36 (KHTML, like Gecko) Chrome/79.0.3945.79 Safari/537.36"
192.168.31.186 - - [18/Dec/2019:11:00:26 +0330] "GET /sockjs-node/323/tmzlrknz/eventsource HTTP/1.1" 200 133 "http://192.168.31.51/" "Mozilla/5.0 (Windows NT 6.1; Win64; x64) AppleWebKit/537.36 (KHTML, like Gecko) Chrome/79.0.3945.79 Safari/537.36"
192.168.31.186 - - [18/Dec/2019:11:00:26 +0330] "GET /__webpack_dev_server__/sockjs.bundle.js HTTP/1.1" 200 56283 "http://192.168.31.51/sockjs-node/iframe.html" "Mozilla/5.0 (Windows NT 6.1; Win64; x64) AppleWebKit/537.36 (KHTML, like Gecko) Chrome/79.0.3945.79 Safari/537.36"
192.168.31.186 - - [18/Dec/2019:11:00:26 +0330] "GET /sockjs-node/323/xcrddogx/eventsource HTTP/1.1" 200 133 "http://192.168.31.51/sockjs-node/iframe.html" "Mozilla/5.0 (Windows NT 6.1; Win64; x64) AppleWebKit/537.36 (KHTML, like Gecko) Chrome/79.0.3945.79 Safari/537.36"
192.168.31.186 - - [18/Dec/2019:11:00:27 +0330] "GET /sockjs-node/info?t=1576654147392 HTTP/1.1" 200 90 "http://192.168.31.51/" "Mozilla/5.0 (Windows NT 6.1; Win64; x64) AppleWebKit/537.36 (KHTML, like Gecko) Chrome/79.0.3945.79 Safari/537.36"
192.168.31.186 - - [18/Dec/2019:11:00:27 +0330] "GET /sockjs-node/074/ogyjnbto/websocket HTTP/1.1" 400 40 "-" "Mozilla/5.0 (Windows NT 6.1; Win64; x64) AppleWebKit/537.36 (KHTML, like Gecko) Chrome/79.0.3945.79 Safari/537.36"
127.0.0.1 - - [18/Dec/2019:11:00:27 +0330] "POST /sockjs-node/464/b0gero1p/xhr_streaming?t=1576654225610 HTTP/1.1" 499 0 "http://localhost/" "Mozilla/5.0 (Windows NT 10.0; WOW64) AppleWebKit/537.36 (KHTML, like Gecko) Chrome/79.0.3945.79 Safari/537.36"
127.0.0.1 - - [18/Dec/2019:11:00:27 +0330] "GET /sockjs-node/464/3yvqgbdc/eventsource HTTP/1.1" 200 133 "http://localhost/" "Mozilla/5.0 (Windows NT 10.0; WOW64) AppleWebKit/537.36 (KHTML, like Gecko) Chrome/79.0.3945.79 Safari/537.36"
192.168.31.186 - - [18/Dec/2019:11:00:27 +0330] "POST /sockjs-node/074/5xcobzlr/xhr_streaming?t=1576654147418 HTTP/1.1" 499 0 "http://192.168.31.51/" "Mozilla/5.0 (Windows NT 6.1; Win64; x64) AppleWebKit/537.36 (KHTML, like Gecko) Chrome/79.0.3945.79 Safari/537.36"
192.168.31.186 - - [18/Dec/2019:11:00:27 +0330] "GET /sockjs-node/074/qzsioxhg/eventsource HTTP/1.1" 200 133 "http://192.168.31.51/" "Mozilla/5.0 (Windows NT 6.1; Win64; x64) AppleWebKit/537.36 (KHTML, like Gecko) Chrome/79.0.3945.79 Safari/537.36"
192.168.31.186 - - [18/Dec/2019:11:00:27 +0330] "GET /__webpack_dev_server__/sockjs.bundle.js HTTP/1.1" 200 56291 "http://192.168.31.51/sockjs-node/iframe.html" "Mozilla/5.0 (Windows NT 6.1; Win64; x64) AppleWebKit/537.36 (KHTML, like Gecko) Chrome/79.0.3945.79 Safari/537.36"
192.168.31.186 - - [18/Dec/2019:11:00:27 +0330] "GET /sockjs-node/074/rmgd2wp4/eventsource HTTP/1.1" 200 133 "http://192.168.31.51/sockjs-node/iframe.html" "Mozilla/5.0 (Windows NT 6.1; Win64; x64) AppleWebKit/537.36 (KHTML, like Gecko) Chrome/79.0.3945.79 Safari/537.36"
127.0.0.1 - - [18/Dec/2019:11:00:28 +0330] "GET /sockjs-node/info?t=1576654228893 HTTP/1.1" 200 90 "http://localhost/" "Mozilla/5.0 (Windows NT 10.0; WOW64) AppleWebKit/537.36 (KHTML, like Gecko) Chrome/79.0.3945.79 Safari/537.36"
192.168.31.186 - - [18/Dec/2019:11:00:29 +0330] "GET /sockjs-node/info?t=1576654149184 HTTP/1.1" 200 90 "http://192.168.31.51/" "Mozilla/5.0 (Windows NT 6.1; Win64; x64) AppleWebKit/537.36 (KHTML, like Gecko) Chrome/79.0.3945.79 Safari/537.36"
192.168.31.186 - - [18/Dec/2019:11:00:29 +0330] "GET /sockjs-node/720/tmrystgy/websocket HTTP/1.1" 400 40 "-" "Mozilla/5.0 (Windows NT 6.1; Win64; x64) AppleWebKit/537.36 (KHTML, like Gecko) Chrome/79.0.3945.79 Safari/537.36"
127.0.0.1 - - [18/Dec/2019:11:00:29 +0330] "GET /sockjs-node/553/yli1sxzj/websocket HTTP/1.1" 400 40 "-" "Mozilla/5.0 (Windows NT 10.0; WOW64) AppleWebKit/537.36 (KHTML, like Gecko) Chrome/79.0.3945.79 Safari/537.36"
127.0.0.1 - - [18/Dec/2019:11:00:29 +0330] "POST /sockjs-node/553/g3c5bxh1/xhr_streaming?t=1576654229302 HTTP/1.1" 499 0 "http://localhost/" "Mozilla/5.0 (Windows NT 10.0; WOW64) AppleWebKit/537.36 (KHTML, like Gecko) Chrome/79.0.3945.79 Safari/537.36"
192.168.31.186 - - [18/Dec/2019:11:00:29 +0330] "POST /sockjs-node/720/ikql3ezz/xhr_streaming?t=1576654149212 HTTP/1.1" 499 0 "http://192.168.31.51/" "Mozilla/5.0 (Windows NT 6.1; Win64; x64) AppleWebKit/537.36 (KHTML, like Gecko) Chrome/79.0.3945.79 Safari/537.36"
192.168.31.186 - - [18/Dec/2019:11:00:29 +0330] "GET /sockjs-node/720/y102xklp/eventsource HTTP/1.1" 200 133 "http://192.168.31.51/" "Mozilla/5.0 (Windows NT 6.1; Win64; x64) AppleWebKit/537.36 (KHTML, like Gecko) Chrome/79.0.3945.79 Safari/537.36"
127.0.0.1 - - [18/Dec/2019:11:00:29 +0330] "GET /sockjs-node/553/2naibelt/eventsource HTTP/1.1" 200 133 "http://localhost/" "Mozilla/5.0 (Windows NT 10.0; WOW64) AppleWebKit/537.36 (KHTML, like Gecko) Chrome/79.0.3945.79 Safari/537.36"
192.168.31.186 - - [18/Dec/2019:11:00:30 +0330] "GET /__webpack_dev_server__/sockjs.bundle.js HTTP/1.1" 499 0 "http://192.168.31.51/sockjs-node/iframe.html" "Mozilla/5.0 (Windows NT 6.1; Win64; x64) AppleWebKit/537.36 (KHTML, like Gecko) Chrome/79.0.3945.79 Safari/537.36"
192.168.31.186 - - [18/Dec/2019:11:00:30 +0330] "GET /sockjs-node/720/dfyojwhf/htmlfile?c=_jp.atbp3ec HTTP/1.1" 499 0 "http://192.168.31.51/" "Mozilla/5.0 (Windows NT 6.1; Win64; x64) AppleWebKit/537.36 (KHTML, like Gecko) Chrome/79.0.3945.79 Safari/537.36"
192.168.31.186 - - [18/Dec/2019:11:00:30 +0330] "GET /__webpack_dev_server__/sockjs.bundle.js HTTP/1.1" 200 56291 "http://192.168.31.51/sockjs-node/iframe.html" "Mozilla/5.0 (Windows NT 6.1; Win64; x64) AppleWebKit/537.36 (KHTML, like Gecko) Chrome/79.0.3945.79 Safari/537.36"
127.0.0.1 - - [18/Dec/2019:11:00:30 +0330] "GET /sockjs-node/info?t=1576654230883 HTTP/1.1" 200 90 "http://localhost/" "Mozilla/5.0 (Windows NT 10.0; WOW64) AppleWebKit/537.36 (KHTML, like Gecko) Chrome/79.0.3945.79 Safari/537.36"
192.168.31.186 - - [18/Dec/2019:11:00:31 +0330] "GET /sockjs-node/720/2yrgcilb/htmlfile?c=_jp.a0bowf4 HTTP/1.1" 499 0 "http://192.168.31.51/sockjs-node/iframe.html" "Mozilla/5.0 (Windows NT 6.1; Win64; x64) AppleWebKit/537.36 (KHTML, like Gecko) Chrome/79.0.3945.79 Safari/537.36"
127.0.0.1 - - [18/Dec/2019:11:00:31 +0330] "GET /sockjs-node/319/2ysqe153/websocket HTTP/1.1" 400 40 "-" "Mozilla/5.0 (Windows NT 10.0; WOW64) AppleWebKit/537.36 (KHTML, like Gecko) Chrome/79.0.3945.79 Safari/537.36"
127.0.0.1 - - [18/Dec/2019:11:00:31 +0330] "POST /sockjs-node/319/idevwenr/xhr_streaming?t=1576654231282 HTTP/1.1" 499 0 "http://localhost/" "Mozilla/5.0 (Windows NT 10.0; WOW64) AppleWebKit/537.36 (KHTML, like Gecko) Chrome/79.0.3945.79 Safari/537.36"
127.0.0.1 - - [18/Dec/2019:11:00:31 +0330] "GET /sockjs-node/319/kt5r5wba/eventsource HTTP/1.1" 200 133 "http://localhost/" "Mozilla/5.0 (Windows NT 10.0; WOW64) AppleWebKit/537.36 (KHTML, like Gecko) Chrome/79.0.3945.79 Safari/537.36"
192.168.31.186 - - [18/Dec/2019:11:00:31 +0330] "POST /sockjs-node/720/tbvvvhfd/xhr?t=1576654151109 HTTP/1.1" 499 0 "http://192.168.31.51/" "Mozilla/5.0 (Windows NT 6.1; Win64; x64) AppleWebKit/537.36 (KHTML, like Gecko) Chrome/79.0.3945.79 Safari/537.36"
127.0.0.1 - - [18/Dec/2019:11:00:32 +0330] "GET /sockjs-node/info?t=1576654232647 HTTP/1.1" 200 90 "http://localhost/" "Mozilla/5.0 (Windows NT 10.0; WOW64) AppleWebKit/537.36 (KHTML, like Gecko) Chrome/79.0.3945.79 Safari/537.36"
192.168.31.186 - - [18/Dec/2019:11:00:32 +0330] "GET /sockjs-node/720/450spqdo/jsonp?c=_jp.ahtwse5 HTTP/1.1" 200 34 "http://192.168.31.51/" "Mozilla/5.0 (Windows NT 6.1; Win64; x64) AppleWebKit/537.36 (KHTML, like Gecko) Chrome/79.0.3945.79 Safari/537.36"
127.0.0.1 - - [18/Dec/2019:11:00:33 +0330] "GET /sockjs-node/632/b40cwiiq/websocket HTTP/1.1" 400 40 "-" "Mozilla/5.0 (Windows NT 10.0; WOW64) AppleWebKit/537.36 (KHTML, like Gecko) Chrome/79.0.3945.79 Safari/537.36"
127.0.0.1 - - [18/Dec/2019:11:00:34 +0330] "POST /sockjs-node/632/znipzjhi/xhr_streaming?t=1576654233335 HTTP/1.1" 499 0 "http://localhost/" "Mozilla/5.0 (Windows NT 10.0; WOW64) AppleWebKit/537.36 (KHTML, like Gecko) Chrome/79.0.3945.79 Safari/537.36"
192.168.31.186 - - [18/Dec/2019:11:00:34 +0330] "GET /sockjs-node/info?t=1576654154161 HTTP/1.1" 200 89 "http://192.168.31.51/" "Mozilla/5.0 (Windows NT 6.1; Win64; x64) AppleWebKit/537.36 (KHTML, like Gecko) Chrome/79.0.3945.79 Safari/537.36"
192.168.31.186 - - [18/Dec/2019:11:00:34 +0330] "GET /sockjs-node/365/c44levwf/websocket HTTP/1.1" 400 40 "-" "Mozilla/5.0 (Windows NT 6.1; Win64; x64) AppleWebKit/537.36 (KHTML, like Gecko) Chrome/79.0.3945.79 Safari/537.36"
127.0.0.1 - - [18/Dec/2019:11:00:34 +0330] "GET /sockjs-node/632/tnocuafn/eventsource HTTP/1.1" 200 133 "http://localhost/" "Mozilla/5.0 (Windows NT 10.0; WOW64) AppleWebKit/537.36 (KHTML, like Gecko) Chrome/79.0.3945.79 Safari/537.36"
192.168.31.186 - - [18/Dec/2019:11:00:34 +0330] "POST /sockjs-node/365/gfp5x1qi/xhr_streaming?t=1576654154193 HTTP/1.1" 499 0 "http://192.168.31.51/" "Mozilla/5.0 (Windows NT 6.1; Win64; x64) AppleWebKit/537.36 (KHTML, like Gecko) Chrome/79.0.3945.79 Safari/537.36"
192.168.31.186 - - [18/Dec/2019:11:00:34 +0330] "GET /sockjs-node/365/rit3jxc4/eventsource HTTP/1.1" 200 133 "http://192.168.31.51/" "Mozilla/5.0 (Windows NT 6.1; Win64; x64) AppleWebKit/537.36 (KHTML, like Gecko) Chrome/79.0.3945.79 Safari/537.36"
192.168.31.186 - - [18/Dec/2019:11:00:34 +0330] "GET /__webpack_dev_server__/sockjs.bundle.js HTTP/1.1" 200 56291 "http://192.168.31.51/sockjs-node/iframe.html" "Mozilla/5.0 (Windows NT 6.1; Win64; x64) AppleWebKit/537.36 (KHTML, like Gecko) Chrome/79.0.3945.79 Safari/537.36"
192.168.31.186 - - [18/Dec/2019:11:00:34 +0330] "GET /sockjs-node/365/glr5zbol/eventsource HTTP/1.1" 200 133 "http://192.168.31.51/sockjs-node/iframe.html" "Mozilla/5.0 (Windows NT 6.1; Win64; x64) AppleWebKit/537.36 (KHTML, like Gecko) Chrome/79.0.3945.79 Safari/537.36"
127.0.0.1 - - [18/Dec/2019:11:00:35 +0330] "GET /sockjs-node/info?t=1576654235417 HTTP/1.1" 200 90 "http://localhost/" "Mozilla/5.0 (Windows NT 10.0; WOW64) AppleWebKit/537.36 (KHTML, like Gecko) Chrome/79.0.3945.79 Safari/537.36"
192.168.31.186 - - [18/Dec/2019:11:00:35 +0330] "GET /sockjs-node/info?t=1576654155992 HTTP/1.1" 200 90 "http://192.168.31.51/" "Mozilla/5.0 (Windows NT 6.1; Win64; x64) AppleWebKit/537.36 (KHTML, like Gecko) Chrome/79.0.3945.79 Safari/537.36"
192.168.31.186 - - [18/Dec/2019:11:00:35 +0330] "GET /sockjs-node/475/ps2yktcw/websocket HTTP/1.1" 400 40 "-" "Mozilla/5.0 (Windows NT 6.1; Win64; x64) AppleWebKit/537.36 (KHTML, like Gecko) Chrome/79.0.3945.79 Safari/537.36"
127.0.0.1 - - [18/Dec/2019:11:00:36 +0330] "GET /sockjs-node/886/i0opsy10/websocket HTTP/1.1" 400 40 "-" "Mozilla/5.0 (Windows NT 10.0; WOW64) AppleWebKit/537.36 (KHTML, like Gecko) Chrome/79.0.3945.79 Safari/537.36"
192.168.31.186 - - [18/Dec/2019:11:00:36 +0330] "POST /sockjs-node/475/rnhjbrnv/xhr_streaming?t=1576654156028 HTTP/1.1" 499 0 "http://192.168.31.51/" "Mozilla/5.0 (Windows NT 6.1; Win64; x64) AppleWebKit/537.36 (KHTML, like Gecko) Chrome/79.0.3945.79 Safari/537.36"
192.168.31.186 - - [18/Dec/2019:11:00:36 +0330] "GET /sockjs-node/475/ikq1kcaf/eventsource HTTP/1.1" 200 133 "http://192.168.31.51/" "Mozilla/5.0 (Windows NT 6.1; Win64; x64) AppleWebKit/537.36 (KHTML, like Gecko) Chrome/79.0.3945.79 Safari/537.36"
192.168.31.186 - - [18/Dec/2019:11:00:36 +0330] "GET /__webpack_dev_server__/sockjs.bundle.js HTTP/1.1" 200 56291 "http://192.168.31.51/sockjs-node/iframe.html" "Mozilla/5.0 (Windows NT 6.1; Win64; x64) AppleWebKit/537.36 (KHTML, like Gecko) Chrome/79.0.3945.79 Safari/537.36"
192.168.31.186 - - [18/Dec/2019:11:00:36 +0330] "GET /sockjs-node/475/dullqp3i/eventsource HTTP/1.1" 200 133 "http://192.168.31.51/sockjs-node/iframe.html" "Mozilla/5.0 (Windows NT 6.1; Win64; x64) AppleWebKit/537.36 (KHTML, like Gecko) Chrome/79.0.3945.79 Safari/537.36"
127.0.0.1 - - [18/Dec/2019:11:00:36 +0330] "POST /sockjs-node/886/omwrve4y/xhr_streaming?t=1576654236079 HTTP/1.1" 499 0 "http://localhost/" "Mozilla/5.0 (Windows NT 10.0; WOW64) AppleWebKit/537.36 (KHTML, like Gecko) Chrome/79.0.3945.79 Safari/537.36"
127.0.0.1 - - [18/Dec/2019:11:00:36 +0330] "GET /sockjs-node/886/05u41foz/eventsource HTTP/1.1" 200 133 "http://localhost/" "Mozilla/5.0 (Windows NT 10.0; WOW64) AppleWebKit/537.36 (KHTML, like Gecko) Chrome/79.0.3945.79 Safari/537.36"
192.168.31.186 - - [18/Dec/2019:11:00:37 +0330] "GET /sockjs-node/info?t=1576654157836 HTTP/1.1" 200 90 "http://192.168.31.51/" "Mozilla/5.0 (Windows NT 6.1; Win64; x64) AppleWebKit/537.36 (KHTML, like Gecko) Chrome/79.0.3945.79 Safari/537.36"
192.168.31.186 - - [18/Dec/2019:11:00:37 +0330] "GET /sockjs-node/382/mwhtyked/websocket HTTP/1.1" 400 40 "-" "Mozilla/5.0 (Windows NT 6.1; Win64; x64) AppleWebKit/537.36 (KHTML, like Gecko) Chrome/79.0.3945.79 Safari/537.36"
127.0.0.1 - - [18/Dec/2019:11:00:37 +0330] "GET /sockjs-node/info?t=1576654237843 HTTP/1.1" 200 90 "http://localhost/" "Mozilla/5.0 (Windows NT 10.0; WOW64) AppleWebKit/537.36 (KHTML, like Gecko) Chrome/79.0.3945.79 Safari/537.36"
192.168.31.186 - - [18/Dec/2019:11:00:38 +0330] "POST /sockjs-node/382/s0qwllea/xhr_streaming?t=1576654157862 HTTP/1.1" 499 0 "http://192.168.31.51/" "Mozilla/5.0 (Windows NT 6.1; Win64; x64) AppleWebKit/537.36 (KHTML, like Gecko) Chrome/79.0.3945.79 Safari/537.36"
192.168.31.186 - - [18/Dec/2019:11:00:38 +0330] "GET /sockjs-node/382/ycmn5k5u/eventsource HTTP/1.1" 200 133 "http://192.168.31.51/" "Mozilla/5.0 (Windows NT 6.1; Win64; x64) AppleWebKit/537.36 (KHTML, like Gecko) Chrome/79.0.3945.79 Safari/537.36"
192.168.31.186 - - [18/Dec/2019:11:00:38 +0330] "GET /__webpack_dev_server__/sockjs.bundle.js HTTP/1.1" 200 56299 "http://192.168.31.51/sockjs-node/iframe.html" "Mozilla/5.0 (Windows NT 6.1; Win64; x64) AppleWebKit/537.36 (KHTML, like Gecko) Chrome/79.0.3945.79 Safari/537.36"
192.168.31.186 - - [18/Dec/2019:11:00:38 +0330] "GET /sockjs-node/382/fillt0m4/eventsource HTTP/1.1" 200 133 "http://192.168.31.51/sockjs-node/iframe.html" "Mozilla/5.0 (Windows NT 6.1; Win64; x64) AppleWebKit/537.36 (KHTML, like Gecko) Chrome/79.0.3945.79 Safari/537.36"
127.0.0.1 - - [18/Dec/2019:11:00:39 +0330] "POST /sockjs-node/435/qlwq1p5q/xhr_streaming?t=1576654238504 HTTP/1.1" 499 0 "http://localhost/" "Mozilla/5.0 (Windows NT 10.0; WOW64) AppleWebKit/537.36 (KHTML, like Gecko) Chrome/79.0.3945.79 Safari/537.36"
127.0.0.1 - - [18/Dec/2019:11:00:39 +0330] "GET /sockjs-node/435/duttwepe/eventsource HTTP/1.1" 200 133 "http://localhost/" "Mozilla/5.0 (Windows NT 10.0; WOW64) AppleWebKit/537.36 (KHTML, like Gecko) Chrome/79.0.3945.79 Safari/537.36"
192.168.31.186 - - [18/Dec/2019:11:00:39 +0330] "GET /sockjs-node/info?t=1576654159629 HTTP/1.1" 200 90 "http://192.168.31.51/" "Mozilla/5.0 (Windows NT 6.1; Win64; x64) AppleWebKit/537.36 (KHTML, like Gecko) Chrome/79.0.3945.79 Safari/537.36"
192.168.31.186 - - [18/Dec/2019:11:00:39 +0330] "GET /sockjs-node/109/vndc40fs/websocket HTTP/1.1" 400 40 "-" "Mozilla/5.0 (Windows NT 6.1; Win64; x64) AppleWebKit/537.36 (KHTML, like Gecko) Chrome/79.0.3945.79 Safari/537.36"
127.0.0.1 - - [18/Dec/2019:11:00:39 +0330] "GET /sockjs-node/435/k0t34cwi/websocket HTTP/1.1" 400 40 "-" "Mozilla/5.0 (Windows NT 10.0; WOW64) AppleWebKit/537.36 (KHTML, like Gecko) Chrome/79.0.3945.79 Safari/537.36"
192.168.31.186 - - [18/Dec/2019:11:00:40 +0330] "POST /sockjs-node/109/wwauuzco/xhr_streaming?t=1576654159678 HTTP/1.1" 499 0 "http://192.168.31.51/" "Mozilla/5.0 (Windows NT 6.1; Win64; x64) AppleWebKit/537.36 (KHTML, like Gecko) Chrome/79.0.3945.79 Safari/537.36"
192.168.31.186 - - [18/Dec/2019:11:00:40 +0330] "GET /sockjs-node/109/k0ahen3w/eventsource HTTP/1.1" 200 133 "http://192.168.31.51/" "Mozilla/5.0 (Windows NT 6.1; Win64; x64) AppleWebKit/537.36 (KHTML, like Gecko) Chrome/79.0.3945.79 Safari/537.36"
127.0.0.1 - - [18/Dec/2019:11:00:40 +0330] "GET /sockjs-node/info?t=1576654240573 HTTP/1.1" 200 89 "http://localhost/" "Mozilla/5.0 (Windows NT 10.0; WOW64) AppleWebKit/537.36 (KHTML, like Gecko) Chrome/79.0.3945.79 Safari/537.36"
192.168.31.186 - - [18/Dec/2019:11:00:41 +0330] "GET /sockjs-node/info?t=1576654161399 HTTP/1.1" 200 90 "http://192.168.31.51/" "Mozilla/5.0 (Windows NT 6.1; Win64; x64) AppleWebKit/537.36 (KHTML, like Gecko) Chrome/79.0.3945.79 Safari/537.36"
192.168.31.186 - - [18/Dec/2019:11:00:41 +0330] "GET /sockjs-node/158/vzysbl5b/websocket HTTP/1.1" 400 40 "-" "Mozilla/5.0 (Windows NT 6.1; Win64; x64) AppleWebKit/537.36 (KHTML, like Gecko) Chrome/79.0.3945.79 Safari/537.36"
127.0.0.1 - - [18/Dec/2019:11:00:41 +0330] "POST /sockjs-node/620/jlupoxb5/xhr_streaming?t=1576654241265 HTTP/1.1" 499 0 "http://localhost/" "Mozilla/5.0 (Windows NT 10.0; WOW64) AppleWebKit/537.36 (KHTML, like Gecko) Chrome/79.0.3945.79 Safari/537.36"
127.0.0.1 - - [18/Dec/2019:11:00:41 +0330] "GET /sockjs-node/620/rmod4uzh/eventsource HTTP/1.1" 200 133 "http://localhost/" "Mozilla/5.0 (Windows NT 10.0; WOW64) AppleWebKit/537.36 (KHTML, like Gecko) Chrome/79.0.3945.79 Safari/537.36"
192.168.31.186 - - [18/Dec/2019:11:00:41 +0330] "POST /sockjs-node/158/lrkbe3lz/xhr_streaming?t=1576654161465 HTTP/1.1" 499 0 "http://192.168.31.51/" "Mozilla/5.0 (Windows NT 6.1; Win64; x64) AppleWebKit/537.36 (KHTML, like Gecko) Chrome/79.0.3945.79 Safari/537.36"
192.168.31.186 - - [18/Dec/2019:11:00:41 +0330] "GET /sockjs-node/158/xldil2mm/eventsource HTTP/1.1" 200 133 "http://192.168.31.51/" "Mozilla/5.0 (Windows NT 6.1; Win64; x64) AppleWebKit/537.36 (KHTML, like Gecko) Chrome/79.0.3945.79 Safari/537.36"
127.0.0.1 - - [18/Dec/2019:11:00:43 +0330] "GET /sockjs-node/info?t=1576654243020 HTTP/1.1" 200 90 "http://localhost/" "Mozilla/5.0 (Windows NT 10.0; WOW64) AppleWebKit/537.36 (KHTML, like Gecko) Chrome/79.0.3945.79 Safari/537.36"
127.0.0.1 - - [18/Dec/2019:11:00:43 +0330] "GET /sockjs-node/620/o12awpgk/websocket HTTP/1.1" 400 40 "-" "Mozilla/5.0 (Windows NT 10.0; WOW64) AppleWebKit/537.36 (KHTML, like Gecko) Chrome/79.0.3945.79 Safari/537.36"
192.168.31.186 - - [18/Dec/2019:11:00:44 +0330] "GET /sockjs-node/info?t=1576654163144 HTTP/1.1" 200 90 "http://192.168.31.51/" "Mozilla/5.0 (Windows NT 6.1; Win64; x64) AppleWebKit/537.36 (KHTML, like Gecko) Chrome/79.0.3945.79 Safari/537.36"
192.168.31.186 - - [18/Dec/2019:11:00:44 +0330] "GET /sockjs-node/181/us4u013k/websocket HTTP/1.1" 400 40 "-" "Mozilla/5.0 (Windows NT 6.1; Win64; x64) AppleWebKit/537.36 (KHTML, like Gecko) Chrome/79.0.3945.79 Safari/537.36"
127.0.0.1 - - [18/Dec/2019:11:00:44 +0330] "POST /sockjs-node/015/2dgphyhp/xhr_streaming?t=1576654243682 HTTP/1.1" 499 0 "http://localhost/" "Mozilla/5.0 (Windows NT 10.0; WOW64) AppleWebKit/537.36 (KHTML, like Gecko) Chrome/79.0.3945.79 Safari/537.36"
127.0.0.1 - - [18/Dec/2019:11:00:44 +0330] "GET /sockjs-node/015/ed0li2gj/eventsource HTTP/1.1" 200 133 "http://localhost/" "Mozilla/5.0 (Windows NT 10.0; WOW64) AppleWebKit/537.36 (KHTML, like Gecko) Chrome/79.0.3945.79 Safari/537.36"
127.0.0.1 - - [18/Dec/2019:11:00:45 +0330] "GET /sockjs-node/info?t=1576654245708 HTTP/1.1" 200 90 "http://localhost/" "Mozilla/5.0 (Windows NT 10.0; WOW64) AppleWebKit/537.36 (KHTML, like Gecko) Chrome/79.0.3945.79 Safari/537.36"
127.0.0.1 - - [18/Dec/2019:11:00:45 +0330] "GET /sockjs-node/015/g5f3ehco/websocket HTTP/1.1" 400 40 "-" "Mozilla/5.0 (Windows NT 10.0; WOW64) AppleWebKit/537.36 (KHTML, like Gecko) Chrome/79.0.3945.79 Safari/537.36"
127.0.0.1 - - [18/Dec/2019:11:00:47 +0330] "POST /sockjs-node/863/4ge0kyz5/xhr_streaming?t=1576654246367 HTTP/1.1" 499 0 "http://localhost/" "Mozilla/5.0 (Windows NT 10.0; WOW64) AppleWebKit/537.36 (KHTML, like Gecko) Chrome/79.0.3945.79 Safari/537.36"
127.0.0.1 - - [18/Dec/2019:11:00:47 +0330] "GET /sockjs-node/863/2roolqlb/eventsource HTTP/1.1" 200 133 "http://localhost/" "Mozilla/5.0 (Windows NT 10.0; WOW64) AppleWebKit/537.36 (KHTML, like Gecko) Chrome/79.0.3945.79 Safari/537.36"
127.0.0.1 - - [18/Dec/2019:11:00:47 +0330] "GET /sockjs-node/863/x14swrwo/websocket HTTP/1.1" 400 40 "-" "Mozilla/5.0 (Windows NT 10.0; WOW64) AppleWebKit/537.36 (KHTML, like Gecko) Chrome/79.0.3945.79 Safari/537.36"
127.0.0.1 - - [18/Dec/2019:11:00:48 +0330] "GET /sockjs-node/info?t=1576654248111 HTTP/1.1" 200 90 "http://localhost/" "Mozilla/5.0 (Windows NT 10.0; WOW64) AppleWebKit/537.36 (KHTML, like Gecko) Chrome/79.0.3945.79 Safari/537.36"
127.0.0.1 - - [18/Dec/2019:11:00:49 +0330] "POST /sockjs-node/822/qpzq0sc4/xhr_streaming?t=1576654248770 HTTP/1.1" 499 0 "http://localhost/" "Mozilla/5.0 (Windows NT 10.0; WOW64) AppleWebKit/537.36 (KHTML, like Gecko) Chrome/79.0.3945.79 Safari/537.36"
127.0.0.1 - - [18/Dec/2019:11:00:49 +0330] "GET /sockjs-node/822/malbxi5h/eventsource HTTP/1.1" 200 133 "http://localhost/" "Mozilla/5.0 (Windows NT 10.0; WOW64) AppleWebKit/537.36 (KHTML, like Gecko) Chrome/79.0.3945.79 Safari/537.36"
127.0.0.1 - - [18/Dec/2019:11:00:50 +0330] "GET /sockjs-node/822/0b0djlsn/websocket HTTP/1.1" 400 40 "-" "Mozilla/5.0 (Windows NT 10.0; WOW64) AppleWebKit/537.36 (KHTML, like Gecko) Chrome/79.0.3945.79 Safari/537.36"
127.0.0.1 - - [18/Dec/2019:11:00:50 +0330] "GET /sockjs-node/info?t=1576654250771 HTTP/1.1" 200 90 "http://localhost/" "Mozilla/5.0 (Windows NT 10.0; WOW64) AppleWebKit/537.36 (KHTML, like Gecko) Chrome/79.0.3945.79 Safari/537.36"
127.0.0.1 - - [18/Dec/2019:11:00:52 +0330] "POST /sockjs-node/381/b3y3e0ad/xhr_streaming?t=1576654251428 HTTP/1.1" 499 0 "http://localhost/" "Mozilla/5.0 (Windows NT 10.0; WOW64) AppleWebKit/537.36 (KHTML, like Gecko) Chrome/79.0.3945.79 Safari/537.36"
127.0.0.1 - - [18/Dec/2019:11:00:52 +0330] "GET /sockjs-node/381/0fe0jf5y/eventsource HTTP/1.1" 200 133 "http://localhost/" "Mozilla/5.0 (Windows NT 10.0; WOW64) AppleWebKit/537.36 (KHTML, like Gecko) Chrome/79.0.3945.79 Safari/537.36"
192.168.31.186 - - [18/Dec/2019:11:00:52 +0330] "POST /sockjs-node/181/0cchfgcc/xhr_streaming?t=1576654164217 HTTP/1.1" 499 0 "http://192.168.31.51/" "Mozilla/5.0 (Windows NT 6.1; Win64; x64) AppleWebKit/537.36 (KHTML, like Gecko) Chrome/79.0.3945.79 Safari/537.36"
192.168.31.186 - - [18/Dec/2019:11:00:52 +0330] "GET /sockjs-node/181/3pcalak2/eventsource HTTP/1.1" 200 133 "http://192.168.31.51/" "Mozilla/5.0 (Windows NT 6.1; Win64; x64) AppleWebKit/537.36 (KHTML, like Gecko) Chrome/79.0.3945.79 Safari/537.36"
127.0.0.1 - - [18/Dec/2019:11:00:53 +0330] "GET /sockjs-node/info?t=1576654253201 HTTP/1.1" 200 90 "http://localhost/" "Mozilla/5.0 (Windows NT 10.0; WOW64) AppleWebKit/537.36 (KHTML, like Gecko) Chrome/79.0.3945.79 Safari/537.36"
127.0.0.1 - - [18/Dec/2019:11:00:54 +0330] "POST /sockjs-node/916/ughw5s2x/xhr_streaming?t=1576654253860 HTTP/1.1" 499 0 "http://localhost/" "Mozilla/5.0 (Windows NT 10.0; WOW64) AppleWebKit/537.36 (KHTML, like Gecko) Chrome/79.0.3945.79 Safari/537.36"
127.0.0.1 - - [18/Dec/2019:11:00:54 +0330] "GET /sockjs-node/916/1vqkuxyj/eventsource HTTP/1.1" 200 133 "http://localhost/" "Mozilla/5.0 (Windows NT 10.0; WOW64) AppleWebKit/537.36 (KHTML, like Gecko) Chrome/79.0.3945.79 Safari/537.36"
127.0.0.1 - - [18/Dec/2019:11:00:55 +0330] "GET /sockjs-node/916/ccsg0jxk/websocket HTTP/1.1" 400 40 "-" "Mozilla/5.0 (Windows NT 10.0; WOW64) AppleWebKit/537.36 (KHTML, like Gecko) Chrome/79.0.3945.79 Safari/537.36"
127.0.0.1 - - [18/Dec/2019:11:00:55 +0330] "GET /sockjs-node/381/cgch54jl/websocket HTTP/1.1" 400 40 "-" "Mozilla/5.0 (Windows NT 10.0; WOW64) AppleWebKit/537.36 (KHTML, like Gecko) Chrome/79.0.3945.79 Safari/537.36"
127.0.0.1 - - [18/Dec/2019:11:00:56 +0330] "GET /sockjs-node/info?t=1576654255883 HTTP/1.1" 200 90 "http://localhost/" "Mozilla/5.0 (Windows NT 10.0; WOW64) AppleWebKit/537.36 (KHTML, like Gecko) Chrome/79.0.3945.79 Safari/537.36"
127.0.0.1 - - [18/Dec/2019:11:01:01 +0330] "GET /sockjs-node/405/jdte0elp/websocket HTTP/1.1" 400 40 "-" "Mozilla/5.0 (Windows NT 10.0; WOW64) AppleWebKit/537.36 (KHTML, like Gecko) Chrome/79.0.3945.79 Safari/537.36"
127.0.0.1 - - [18/Dec/2019:11:01:05 +0330] "POST /sockjs-node/405/ywlj1lwb/xhr_streaming?t=1576654261786 HTTP/1.1" 499 0 "http://localhost/" "Mozilla/5.0 (Windows NT 10.0; WOW64) AppleWebKit/537.36 (KHTML, like Gecko) Chrome/79.0.3945.79 Safari/537.36"
127.0.0.1 - - [18/Dec/2019:11:01:05 +0330] "GET /sockjs-node/405/ukpcxmim/eventsource HTTP/1.1" 200 133 "http://localhost/" "Mozilla/5.0 (Windows NT 10.0; WOW64) AppleWebKit/537.36 (KHTML, like Gecko) Chrome/79.0.3945.79 Safari/537.36"
127.0.0.1 - - [18/Dec/2019:11:01:06 +0330] "GET /sockjs-node/info?t=1576654266564 HTTP/1.1" 200 90 "http://localhost/" "Mozilla/5.0 (Windows NT 10.0; WOW64) AppleWebKit/537.36 (KHTML, like Gecko) Chrome/79.0.3945.79 Safari/537.36"
127.0.0.1 - - [18/Dec/2019:11:01:07 +0330] "POST /sockjs-node/834/wzya3qa0/xhr_streaming?t=1576654267223 HTTP/1.1" 499 0 "http://localhost/" "Mozilla/5.0 (Windows NT 10.0; WOW64) AppleWebKit/537.36 (KHTML, like Gecko) Chrome/79.0.3945.79 Safari/537.36"
127.0.0.1 - - [18/Dec/2019:11:01:07 +0330] "GET /sockjs-node/834/2jsqy01r/eventsource HTTP/1.1" 200 133 "http://localhost/" "Mozilla/5.0 (Windows NT 10.0; WOW64) AppleWebKit/537.36 (KHTML, like Gecko) Chrome/79.0.3945.79 Safari/537.36"
127.0.0.1 - - [18/Dec/2019:11:01:09 +0330] "GET /sockjs-node/info?t=1576654268901 HTTP/1.1" 200 89 "http://localhost/" "Mozilla/5.0 (Windows NT 10.0; WOW64) AppleWebKit/537.36 (KHTML, like Gecko) Chrome/79.0.3945.79 Safari/537.36"
127.0.0.1 - - [18/Dec/2019:11:01:11 +0330] "GET /sockjs-node/834/apjsxvnc/websocket HTTP/1.1" 400 40 "-" "Mozilla/5.0 (Windows NT 10.0; WOW64) AppleWebKit/537.36 (KHTML, like Gecko) Chrome/79.0.3945.79 Safari/537.36"
127.0.0.1 - - [18/Dec/2019:11:01:15 +0330] "GET /sockjs-node/994/o24v0h4h/websocket HTTP/1.1" 400 40 "-" "Mozilla/5.0 (Windows NT 10.0; WOW64) AppleWebKit/537.36 (KHTML, like Gecko) Chrome/79.0.3945.79 Safari/537.36"
127.0.0.1 - - [18/Dec/2019:11:01:18 +0330] "POST /sockjs-node/994/cve2k0zq/xhr_streaming?t=1576654275015 HTTP/1.1" 499 0 "http://localhost/" "Mozilla/5.0 (Windows NT 10.0; WOW64) AppleWebKit/537.36 (KHTML, like Gecko) Chrome/79.0.3945.79 Safari/537.36"
127.0.0.1 - - [18/Dec/2019:11:01:18 +0330] "GET /sockjs-node/994/nj3gy1hz/eventsource HTTP/1.1" 200 133 "http://localhost/" "Mozilla/5.0 (Windows NT 10.0; WOW64) AppleWebKit/537.36 (KHTML, like Gecko) Chrome/79.0.3945.79 Safari/537.36"
127.0.0.1 - - [18/Dec/2019:11:01:19 +0330] "GET /sockjs-node/info?t=1576654279230 HTTP/1.1" 200 90 "http://localhost/" "Mozilla/5.0 (Windows NT 10.0; WOW64) AppleWebKit/537.36 (KHTML, like Gecko) Chrome/79.0.3945.79 Safari/537.36"
127.0.0.1 - - [18/Dec/2019:11:01:20 +0330] "POST /sockjs-node/076/gvbem14k/xhr_streaming?t=1576654279887 HTTP/1.1" 499 0 "http://localhost/" "Mozilla/5.0 (Windows NT 10.0; WOW64) AppleWebKit/537.36 (KHTML, like Gecko) Chrome/79.0.3945.79 Safari/537.36"
127.0.0.1 - - [18/Dec/2019:11:01:20 +0330] "GET /sockjs-node/076/2icytncn/eventsource HTTP/1.1" 200 133 "http://localhost/" "Mozilla/5.0 (Windows NT 10.0; WOW64) AppleWebKit/537.36 (KHTML, like Gecko) Chrome/79.0.3945.79 Safari/537.36"
