127.0.0.1 - - [18/Dec/2019:11:01:21 +0330] "GET /sockjs-node/076/jvz2utpj/websocket HTTP/1.1" 400 40 "-" "Mozilla/5.0 (Windows NT 10.0; WOW64) AppleWebKit/537.36 (KHTML, like Gecko) Chrome/79.0.3945.79 Safari/537.36"
127.0.0.1 - - [18/Dec/2019:11:01:22 +0330] "GET /sockjs-node/info?t=1576654281959 HTTP/1.1" 200 90 "http://localhost/" "Mozilla/5.0 (Windows NT 10.0; WOW64) AppleWebKit/537.36 (KHTML, like Gecko) Chrome/79.0.3945.79 Safari/537.36"
127.0.0.1 - - [18/Dec/2019:11:01:27 +0330] "GET /sockjs-node/050/2ujksezv/websocket HTTP/1.1" 400 40 "-" "Mozilla/5.0 (Windows NT 10.0; WOW64) AppleWebKit/537.36 (KHTML, like Gecko) Chrome/79.0.3945.79 Safari/537.36"
127.0.0.1 - - [18/Dec/2019:11:01:31 +0330] "POST /sockjs-node/050/xnxscyn3/xhr_streaming?t=1576654287887 HTTP/1.1" 499 0 "http://localhost/" "Mozilla/5.0 (Windows NT 10.0; WOW64) AppleWebKit/537.36 (KHTML, like Gecko) Chrome/79.0.3945.79 Safari/537.36"
127.0.0.1 - - [18/Dec/2019:11:01:31 +0330] "GET /sockjs-node/050/rkesa3zu/eventsource HTTP/1.1" 200 133 "http://localhost/" "Mozilla/5.0 (Windows NT 10.0; WOW64) AppleWebKit/537.36 (KHTML, like Gecko) Chrome/79.0.3945.79 Safari/537.36"
127.0.0.1 - - [18/Dec/2019:11:01:32 +0330] "GET /sockjs-node/info?t=1576654292291 HTTP/1.1" 200 90 "http://localhost/" "Mozilla/5.0 (Windows NT 10.0; WOW64) AppleWebKit/537.36 (KHTML, like Gecko) Chrome/79.0.3945.79 Safari/537.36"
127.0.0.1 - - [18/Dec/2019:11:01:33 +0330] "POST /sockjs-node/844/hmq4wji1/xhr_streaming?t=1576654292950 HTTP/1.1" 499 0 "http://localhost/" "Mozilla/5.0 (Windows NT 10.0; WOW64) AppleWebKit/537.36 (KHTML, like Gecko) Chrome/79.0.3945.79 Safari/537.36"
127.0.0.1 - - [18/Dec/2019:11:01:33 +0330] "GET /sockjs-node/844/xp2tx15r/eventsource HTTP/1.1" 200 133 "http://localhost/" "Mozilla/5.0 (Windows NT 10.0; WOW64) AppleWebKit/537.36 (KHTML, like Gecko) Chrome/79.0.3945.79 Safari/537.36"
127.0.0.1 - - [18/Dec/2019:11:01:34 +0330] "GET /sockjs-node/info?t=1576654294931 HTTP/1.1" 200 90 "http://localhost/" "Mozilla/5.0 (Windows NT 10.0; WOW64) AppleWebKit/537.36 (KHTML, like Gecko) Chrome/79.0.3945.79 Safari/537.36"
127.0.0.1 - - [18/Dec/2019:11:01:35 +0330] "GET /sockjs-node/844/5do2difd/websocket HTTP/1.1" 400 40 "-" "Mozilla/5.0 (Windows NT 10.0; WOW64) AppleWebKit/537.36 (KHTML, like Gecko) Chrome/79.0.3945.79 Safari/537.36"
127.0.0.1 - - [18/Dec/2019:11:01:36 +0330] "POST /sockjs-node/564/ypt55ypz/xhr_streaming?t=1576654295569 HTTP/1.1" 499 0 "http://localhost/" "Mozilla/5.0 (Windows NT 10.0; WOW64) AppleWebKit/537.36 (KHTML, like Gecko) Chrome/79.0.3945.79 Safari/537.36"
127.0.0.1 - - [18/Dec/2019:11:01:36 +0330] "GET /sockjs-node/564/pnvzhako/eventsource HTTP/1.1" 200 133 "http://localhost/" "Mozilla/5.0 (Windows NT 10.0; WOW64) AppleWebKit/537.36 (KHTML, like Gecko) Chrome/79.0.3945.79 Safari/537.36"
127.0.0.1 - - [18/Dec/2019:11:01:37 +0330] "GET /sockjs-node/info?t=1576654297527 HTTP/1.1" 200 89 "http://localhost/" "Mozilla/5.0 (Windows NT 10.0; WOW64) AppleWebKit/537.36 (KHTML, like Gecko) Chrome/79.0.3945.79 Safari/537.36"
127.0.0.1 - - [18/Dec/2019:11:01:38 +0330] "GET /sockjs-node/564/gk3ov4th/websocket HTTP/1.1" 400 40 "-" "Mozilla/5.0 (Windows NT 10.0; WOW64) AppleWebKit/537.36 (KHTML, like Gecko) Chrome/79.0.3945.79 Safari/537.36"
127.0.0.1 - - [18/Dec/2019:11:01:38 +0330] "POST /sockjs-node/396/tdbbkdi0/xhr_streaming?t=1576654298185 HTTP/1.1" 499 0 "http://localhost/" "Mozilla/5.0 (Windows NT 10.0; WOW64) AppleWebKit/537.36 (KHTML, like Gecko) Chrome/79.0.3945.79 Safari/537.36"
127.0.0.1 - - [18/Dec/2019:11:01:38 +0330] "GET /sockjs-node/396/pvrh4w1a/eventsource HTTP/1.1" 200 133 "http://localhost/" "Mozilla/5.0 (Windows NT 10.0; WOW64) AppleWebKit/537.36 (KHTML, like Gecko) Chrome/79.0.3945.79 Safari/537.36"
127.0.0.1 - - [18/Dec/2019:11:01:39 +0330] "GET /sockjs-node/info?t=1576654299896 HTTP/1.1" 200 90 "http://localhost/" "Mozilla/5.0 (Windows NT 10.0; WOW64) AppleWebKit/537.36 (KHTML, like Gecko) Chrome/79.0.3945.79 Safari/537.36"
127.0.0.1 - - [18/Dec/2019:11:01:41 +0330] "GET /sockjs-node/396/e2ecx3mo/websocket HTTP/1.1" 400 40 "-" "Mozilla/5.0 (Windows NT 10.0; WOW64) AppleWebKit/537.36 (KHTML, like Gecko) Chrome/79.0.3945.79 Safari/537.36"
127.0.0.1 - - [18/Dec/2019:11:01:41 +0330] "POST /sockjs-node/770/5vc3kmfe/xhr_streaming?t=1576654300554 HTTP/1.1" 499 0 "http://localhost/" "Mozilla/5.0 (Windows NT 10.0; WOW64) AppleWebKit/537.36 (KHTML, like Gecko) Chrome/79.0.3945.79 Safari/537.36"
127.0.0.1 - - [18/Dec/2019:11:01:41 +0330] "GET /sockjs-node/770/fqzqux4b/eventsource HTTP/1.1" 200 133 "http://localhost/" "Mozilla/5.0 (Windows NT 10.0; WOW64) AppleWebKit/537.36 (KHTML, like Gecko) Chrome/79.0.3945.79 Safari/537.36"
127.0.0.1 - - [18/Dec/2019:11:01:42 +0330] "GET /sockjs-node/info?t=1576654302559 HTTP/1.1" 200 90 "http://localhost/" "Mozilla/5.0 (Windows NT 10.0; WOW64) AppleWebKit/537.36 (KHTML, like Gecko) Chrome/79.0.3945.79 Safari/537.36"
127.0.0.1 - - [18/Dec/2019:11:01:43 +0330] "POST /sockjs-node/361/sektcenk/xhr_streaming?t=1576654303221 HTTP/1.1" 499 0 "http://localhost/" "Mozilla/5.0 (Windows NT 10.0; WOW64) AppleWebKit/537.36 (KHTML, like Gecko) Chrome/79.0.3945.79 Safari/537.36"
127.0.0.1 - - [18/Dec/2019:11:01:43 +0330] "GET /sockjs-node/361/vfks0njl/eventsource HTTP/1.1" 200 133 "http://localhost/" "Mozilla/5.0 (Windows NT 10.0; WOW64) AppleWebKit/537.36 (KHTML, like Gecko) Chrome/79.0.3945.79 Safari/537.36"
127.0.0.1 - - [18/Dec/2019:11:01:44 +0330] "GET /sockjs-node/770/ju0h3k0o/websocket HTTP/1.1" 400 40 "-" "Mozilla/5.0 (Windows NT 10.0; WOW64) AppleWebKit/537.36 (KHTML, like Gecko) Chrome/79.0.3945.79 Safari/537.36"
127.0.0.1 - - [18/Dec/2019:11:01:44 +0330] "GET /sockjs-node/info?t=1576654304946 HTTP/1.1" 200 89 "http://localhost/" "Mozilla/5.0 (Windows NT 10.0; WOW64) AppleWebKit/537.36 (KHTML, like Gecko) Chrome/79.0.3945.79 Safari/537.36"
127.0.0.1 - - [18/Dec/2019:11:01:45 +0330] "GET /sockjs-node/361/cgwcwxtl/websocket HTTP/1.1" 400 40 "-" "Mozilla/5.0 (Windows NT 10.0; WOW64) AppleWebKit/537.36 (KHTML, like Gecko) Chrome/79.0.3945.79 Safari/537.36"
127.0.0.1 - - [18/Dec/2019:11:01:46 +0330] "POST /sockjs-node/512/jkyvci4i/xhr_streaming?t=1576654305610 HTTP/1.1" 499 0 "http://localhost/" "Mozilla/5.0 (Windows NT 10.0; WOW64) AppleWebKit/537.36 (KHTML, like Gecko) Chrome/79.0.3945.79 Safari/537.36"
127.0.0.1 - - [18/Dec/2019:11:01:46 +0330] "GET /sockjs-node/512/dgdvsd0g/websocket HTTP/1.1" 400 40 "-" "Mozilla/5.0 (Windows NT 10.0; WOW64) AppleWebKit/537.36 (KHTML, like Gecko) Chrome/79.0.3945.79 Safari/537.36"
127.0.0.1 - - [18/Dec/2019:11:01:46 +0330] "GET /sockjs-node/512/mvxm1whx/eventsource HTTP/1.1" 200 133 "http://localhost/" "Mozilla/5.0 (Windows NT 10.0; WOW64) AppleWebKit/537.36 (KHTML, like Gecko) Chrome/79.0.3945.79 Safari/537.36"
127.0.0.1 - - [18/Dec/2019:11:01:47 +0330] "GET /sockjs-node/info?t=1576654307665 HTTP/1.1" 200 90 "http://localhost/" "Mozilla/5.0 (Windows NT 10.0; WOW64) AppleWebKit/537.36 (KHTML, like Gecko) Chrome/79.0.3945.79 Safari/537.36"
127.0.0.1 - - [18/Dec/2019:11:01:48 +0330] "POST /sockjs-node/113/5k2wamxx/xhr_streaming?t=1576654308326 HTTP/1.1" 499 0 "http://localhost/" "Mozilla/5.0 (Windows NT 10.0; WOW64) AppleWebKit/537.36 (KHTML, like Gecko) Chrome/79.0.3945.79 Safari/537.36"
127.0.0.1 - - [18/Dec/2019:11:01:48 +0330] "GET /sockjs-node/113/5mri0orp/eventsource HTTP/1.1" 200 133 "http://localhost/" "Mozilla/5.0 (Windows NT 10.0; WOW64) AppleWebKit/537.36 (KHTML, like Gecko) Chrome/79.0.3945.79 Safari/537.36"
127.0.0.1 - - [18/Dec/2019:11:01:49 +0330] "GET /sockjs-node/113/lf5smmiu/websocket HTTP/1.1" 400 40 "-" "Mozilla/5.0 (Windows NT 10.0; WOW64) AppleWebKit/537.36 (KHTML, like Gecko) Chrome/79.0.3945.79 Safari/537.36"
127.0.0.1 - - [18/Dec/2019:11:01:51 +0330] "GET /sockjs-node/info?t=1576654310017 HTTP/1.1" 200 90 "http://localhost/" "Mozilla/5.0 (Windows NT 10.0; WOW64) AppleWebKit/537.36 (KHTML, like Gecko) Chrome/79.0.3945.79 Safari/537.36"
127.0.0.1 - - [18/Dec/2019:11:01:53 +0330] "GET /sockjs-node/358/5uk4ybcj/websocket HTTP/1.1" 400 40 "-" "Mozilla/5.0 (Windows NT 10.0; WOW64) AppleWebKit/537.36 (KHTML, like Gecko) Chrome/79.0.3945.79 Safari/537.36"
192.168.31.186 - - [18/Dec/2019:11:01:58 +0330] "GET /sockjs-node/info?t=1576654238932 HTTP/1.1" 200 89 "http://192.168.31.51/" "Mozilla/5.0 (Windows NT 6.1; Win64; x64) AppleWebKit/537.36 (KHTML, like Gecko) Chrome/79.0.3945.79 Safari/537.36"
192.168.31.186 - - [18/Dec/2019:11:01:58 +0330] "GET /sockjs-node/427/ckwcd2dj/websocket HTTP/1.1" 400 40 "-" "Mozilla/5.0 (Windows NT 6.1; Win64; x64) AppleWebKit/537.36 (KHTML, like Gecko) Chrome/79.0.3945.79 Safari/537.36"
127.0.0.1 - - [18/Dec/2019:11:01:59 +0330] "POST /sockjs-node/358/g1nxbx1o/xhr_streaming?t=1576654313587 HTTP/1.1" 499 0 "http://localhost/" "Mozilla/5.0 (Windows NT 10.0; WOW64) AppleWebKit/537.36 (KHTML, like Gecko) Chrome/79.0.3945.79 Safari/537.36"
127.0.0.1 - - [18/Dec/2019:11:01:59 +0330] "GET /sockjs-node/358/ryzb14b4/eventsource HTTP/1.1" 200 133 "http://localhost/" "Mozilla/5.0 (Windows NT 10.0; WOW64) AppleWebKit/537.36 (KHTML, like Gecko) Chrome/79.0.3945.79 Safari/537.36"
192.168.31.186 - - [18/Dec/2019:11:01:59 +0330] "POST /sockjs-node/427/4m2fnzse/xhr_streaming?t=1576654238992 HTTP/1.1" 499 0 "http://192.168.31.51/" "Mozilla/5.0 (Windows NT 6.1; Win64; x64) AppleWebKit/537.36 (KHTML, like Gecko) Chrome/79.0.3945.79 Safari/537.36"
192.168.31.186 - - [18/Dec/2019:11:01:59 +0330] "GET /sockjs-node/427/ps2p3gdd/eventsource HTTP/1.1" 200 133 "http://192.168.31.51/" "Mozilla/5.0 (Windows NT 6.1; Win64; x64) AppleWebKit/537.36 (KHTML, like Gecko) Chrome/79.0.3945.79 Safari/537.36"
192.168.31.186 - - [18/Dec/2019:11:01:59 +0330] "GET /__webpack_dev_server__/sockjs.bundle.js HTTP/1.1" 200 56299 "http://192.168.31.51/sockjs-node/iframe.html" "Mozilla/5.0 (Windows NT 6.1; Win64; x64) AppleWebKit/537.36 (KHTML, like Gecko) Chrome/79.0.3945.79 Safari/537.36"
192.168.31.186 - - [18/Dec/2019:11:01:59 +0330] "GET /sockjs-node/427/50lpl3fc/eventsource HTTP/1.1" 200 133 "http://192.168.31.51/sockjs-node/iframe.html" "Mozilla/5.0 (Windows NT 6.1; Win64; x64) AppleWebKit/537.36 (KHTML, like Gecko) Chrome/79.0.3945.79 Safari/537.36"
127.0.0.1 - - [18/Dec/2019:11:02:00 +0330] "GET /sockjs-node/info?t=1576654320608 HTTP/1.1" 200 90 "http://localhost/" "Mozilla/5.0 (Windows NT 10.0; WOW64) AppleWebKit/537.36 (KHTML, like Gecko) Chrome/79.0.3945.79 Safari/537.36"
192.168.31.186 - - [18/Dec/2019:11:02:00 +0330] "GET /sockjs-node/info?t=1576654240862 HTTP/1.1" 200 90 "http://192.168.31.51/" "Mozilla/5.0 (Windows NT 6.1; Win64; x64) AppleWebKit/537.36 (KHTML, like Gecko) Chrome/79.0.3945.79 Safari/537.36"
192.168.31.186 - - [18/Dec/2019:11:02:00 +0330] "GET /sockjs-node/950/czftaiog/websocket HTTP/1.1" 400 40 "-" "Mozilla/5.0 (Windows NT 6.1; Win64; x64) AppleWebKit/537.36 (KHTML, like Gecko) Chrome/79.0.3945.79 Safari/537.36"
192.168.31.186 - - [18/Dec/2019:11:02:01 +0330] "POST /sockjs-node/950/dcjj5crp/xhr_streaming?t=1576654240906 HTTP/1.1" 499 0 "http://192.168.31.51/" "Mozilla/5.0 (Windows NT 6.1; Win64; x64) AppleWebKit/537.36 (KHTML, like Gecko) Chrome/79.0.3945.79 Safari/537.36"
192.168.31.186 - - [18/Dec/2019:11:02:01 +0330] "GET /sockjs-node/950/bhaub3de/eventsource HTTP/1.1" 200 133 "http://192.168.31.51/" "Mozilla/5.0 (Windows NT 6.1; Win64; x64) AppleWebKit/537.36 (KHTML, like Gecko) Chrome/79.0.3945.79 Safari/537.36"
127.0.0.1 - - [18/Dec/2019:11:02:01 +0330] "POST /sockjs-node/115/0fwrl03w/xhr_streaming?t=1576654321268 HTTP/1.1" 499 0 "http://localhost/" "Mozilla/5.0 (Windows NT 10.0; WOW64) AppleWebKit/537.36 (KHTML, like Gecko) Chrome/79.0.3945.79 Safari/537.36"
127.0.0.1 - - [18/Dec/2019:11:02:01 +0330] "GET /sockjs-node/115/jkowciig/eventsource HTTP/1.1" 200 133 "http://localhost/" "Mozilla/5.0 (Windows NT 10.0; WOW64) AppleWebKit/537.36 (KHTML, like Gecko) Chrome/79.0.3945.79 Safari/537.36"
192.168.31.186 - - [18/Dec/2019:11:02:02 +0330] "GET /sockjs-node/info?t=1576654242560 HTTP/1.1" 200 90 "http://192.168.31.51/" "Mozilla/5.0 (Windows NT 6.1; Win64; x64) AppleWebKit/537.36 (KHTML, like Gecko) Chrome/79.0.3945.79 Safari/537.36"
192.168.31.186 - - [18/Dec/2019:11:02:02 +0330] "GET /sockjs-node/354/xynyzd51/websocket HTTP/1.1" 400 40 "-" "Mozilla/5.0 (Windows NT 6.1; Win64; x64) AppleWebKit/537.36 (KHTML, like Gecko) Chrome/79.0.3945.79 Safari/537.36"
127.0.0.1 - - [18/Dec/2019:11:02:03 +0330] "GET /sockjs-node/info?t=1576654323017 HTTP/1.1" 200 89 "http://localhost/" "Mozilla/5.0 (Windows NT 10.0; WOW64) AppleWebKit/537.36 (KHTML, like Gecko) Chrome/79.0.3945.79 Safari/537.36"
192.168.31.186 - - [18/Dec/2019:11:02:03 +0330] "POST /sockjs-node/354/sek25i4j/xhr_streaming?t=1576654242578 HTTP/1.1" 499 0 "http://192.168.31.51/" "Mozilla/5.0 (Windows NT 6.1; Win64; x64) AppleWebKit/537.36 (KHTML, like Gecko) Chrome/79.0.3945.79 Safari/537.36"
127.0.0.1 - - [18/Dec/2019:11:02:03 +0330] "GET /sockjs-node/115/fnwajbsy/websocket HTTP/1.1" 400 40 "-" "Mozilla/5.0 (Windows NT 10.0; WOW64) AppleWebKit/537.36 (KHTML, like Gecko) Chrome/79.0.3945.79 Safari/537.36"
192.168.31.186 - - [18/Dec/2019:11:02:03 +0330] "GET /__webpack_dev_server__/sockjs.bundle.js HTTP/1.1" 499 0 "http://192.168.31.51/sockjs-node/iframe.html" "Mozilla/5.0 (Windows NT 6.1; Win64; x64) AppleWebKit/537.36 (KHTML, like Gecko) Chrome/79.0.3945.79 Safari/537.36"
192.168.31.186 - - [18/Dec/2019:11:02:04 +0330] "GET /sockjs-node/354/mlm0qocx/htmlfile?c=_jp.abdzel1 HTTP/1.1" 499 0 "http://192.168.31.51/" "Mozilla/5.0 (Windows NT 6.1; Win64; x64) AppleWebKit/537.36 (KHTML, like Gecko) Chrome/79.0.3945.79 Safari/537.36"
192.168.31.186 - - [18/Dec/2019:11:02:04 +0330] "GET /__webpack_dev_server__/sockjs.bundle.js HTTP/1.1" 200 56291 "http://192.168.31.51/sockjs-node/iframe.html" "Mozilla/5.0 (Windows NT 6.1; Win64; x64) AppleWebKit/537.36 (KHTML, like Gecko) Chrome/79.0.3945.79 Safari/537.36"
127.0.0.1 - - [18/Dec/2019:11:02:04 +0330] "POST /sockjs-node/860/tyowpryl/xhr_streaming?t=1576654323678 HTTP/1.1" 499 0 "http://localhost/" "Mozilla/5.0 (Windows NT 10.0; WOW64) AppleWebKit/537.36 (KHTML, like Gecko) Chrome/79.0.3945.79 Safari/537.36"
192.168.31.186 - - [18/Dec/2019:11:02:04 +0330] "GET /sockjs-node/354/iwpaumqn/htmlfile?c=_jp.ac1z2b1 HTTP/1.1" 499 0 "http://192.168.31.51/sockjs-node/iframe.html" "Mozilla/5.0 (Windows NT 6.1; Win64; x64) AppleWebKit/537.36 (KHTML, like Gecko) Chrome/79.0.3945.79 Safari/537.36"
192.168.31.186 - - [18/Dec/2019:11:02:04 +0330] "POST /sockjs-node/354/bz4yftgm/xhr?t=1576654244442 HTTP/1.1" 200 12 "http://192.168.31.51/" "Mozilla/5.0 (Windows NT 6.1; Win64; x64) AppleWebKit/537.36 (KHTML, like Gecko) Chrome/79.0.3945.79 Safari/537.36"
127.0.0.1 - - [18/Dec/2019:11:02:04 +0330] "GET /sockjs-node/860/vrmmxmwf/eventsource HTTP/1.1" 200 133 "http://localhost/" "Mozilla/5.0 (Windows NT 10.0; WOW64) AppleWebKit/537.36 (KHTML, like Gecko) Chrome/79.0.3945.79 Safari/537.36"
192.168.31.186 - - [18/Dec/2019:11:02:05 +0330] "POST /sockjs-node/354/bz4yftgm/xhr?t=1576654244455 HTTP/1.1" 200 189 "http://192.168.31.51/" "Mozilla/5.0 (Windows NT 6.1; Win64; x64) AppleWebKit/537.36 (KHTML, like Gecko) Chrome/79.0.3945.79 Safari/537.36"
127.0.0.1 - - [18/Dec/2019:11:02:05 +0330] "GET /sockjs-node/info?t=1576654325700 HTTP/1.1" 200 89 "http://localhost/" "Mozilla/5.0 (Windows NT 10.0; WOW64) AppleWebKit/537.36 (KHTML, like Gecko) Chrome/79.0.3945.79 Safari/537.36"
127.0.0.1 - - [18/Dec/2019:11:02:06 +0330] "GET /sockjs-node/860/v2c2tuqk/websocket HTTP/1.1" 400 40 "-" "Mozilla/5.0 (Windows NT 10.0; WOW64) AppleWebKit/537.36 (KHTML, like Gecko) Chrome/79.0.3945.79 Safari/537.36"
127.0.0.1 - - [18/Dec/2019:11:02:07 +0330] "POST /sockjs-node/148/13jnxxlq/xhr_streaming?t=1576654326362 HTTP/1.1" 499 0 "http://localhost/" "Mozilla/5.0 (Windows NT 10.0; WOW64) AppleWebKit/537.36 (KHTML, like Gecko) Chrome/79.0.3945.79 Safari/537.36"
127.0.0.1 - - [18/Dec/2019:11:02:07 +0330] "GET /sockjs-node/148/wtvknibp/eventsource HTTP/1.1" 200 133 "http://localhost/" "Mozilla/5.0 (Windows NT 10.0; WOW64) AppleWebKit/537.36 (KHTML, like Gecko) Chrome/79.0.3945.79 Safari/537.36"
127.0.0.1 - - [18/Dec/2019:11:02:07 +0330] "GET /sockjs-node/148/p5p4ijma/websocket HTTP/1.1" 400 40 "-" "Mozilla/5.0 (Windows NT 10.0; WOW64) AppleWebKit/537.36 (KHTML, like Gecko) Chrome/79.0.3945.79 Safari/537.36"
127.0.0.1 - - [18/Dec/2019:11:02:08 +0330] "GET /sockjs-node/info?t=1576654328069 HTTP/1.1" 200 90 "http://localhost/" "Mozilla/5.0 (Windows NT 10.0; WOW64) AppleWebKit/537.36 (KHTML, like Gecko) Chrome/79.0.3945.79 Safari/537.36"
127.0.0.1 - - [18/Dec/2019:11:02:09 +0330] "POST /sockjs-node/545/vop4holt/xhr_streaming?t=1576654328712 HTTP/1.1" 499 0 "http://localhost/" "Mozilla/5.0 (Windows NT 10.0; WOW64) AppleWebKit/537.36 (KHTML, like Gecko) Chrome/79.0.3945.79 Safari/537.36"
127.0.0.1 - - [18/Dec/2019:11:02:09 +0330] "GET /sockjs-node/545/wd41mvqr/eventsource HTTP/1.1" 200 133 "http://localhost/" "Mozilla/5.0 (Windows NT 10.0; WOW64) AppleWebKit/537.36 (KHTML, like Gecko) Chrome/79.0.3945.79 Safari/537.36"
192.168.31.186 - - [18/Dec/2019:11:02:10 +0330] "POST /sockjs-node/354/bz4yftgm/xhr?t=1576654245470 HTTP/1.1" 499 0 "http://192.168.31.51/" "Mozilla/5.0 (Windows NT 6.1; Win64; x64) AppleWebKit/537.36 (KHTML, like Gecko) Chrome/79.0.3945.79 Safari/537.36"
127.0.0.1 - - [18/Dec/2019:11:02:10 +0330] "GET /sockjs-node/info?t=1576654330707 HTTP/1.1" 200 89 "http://localhost/" "Mozilla/5.0 (Windows NT 10.0; WOW64) AppleWebKit/537.36 (KHTML, like Gecko) Chrome/79.0.3945.79 Safari/537.36"
127.0.0.1 - - [18/Dec/2019:11:02:11 +0330] "GET /sockjs-node/545/bhn2z5lc/websocket HTTP/1.1" 400 40 "-" "Mozilla/5.0 (Windows NT 10.0; WOW64) AppleWebKit/537.36 (KHTML, like Gecko) Chrome/79.0.3945.79 Safari/537.36"
127.0.0.1 - - [18/Dec/2019:11:02:11 +0330] "POST /sockjs-node/936/tslbxiln/xhr_streaming?t=1576654331356 HTTP/1.1" 499 0 "http://localhost/" "Mozilla/5.0 (Windows NT 10.0; WOW64) AppleWebKit/537.36 (KHTML, like Gecko) Chrome/79.0.3945.79 Safari/537.36"
127.0.0.1 - - [18/Dec/2019:11:02:12 +0330] "GET /sockjs-node/936/odhdaqvq/eventsource HTTP/1.1" 200 133 "http://localhost/" "Mozilla/5.0 (Windows NT 10.0; WOW64) AppleWebKit/537.36 (KHTML, like Gecko) Chrome/79.0.3945.79 Safari/537.36"
127.0.0.1 - - [18/Dec/2019:11:02:13 +0330] "GET /sockjs-node/info?t=1576654333030 HTTP/1.1" 200 90 "http://localhost/" "Mozilla/5.0 (Windows NT 10.0; WOW64) AppleWebKit/537.36 (KHTML, like Gecko) Chrome/79.0.3945.79 Safari/537.36"
127.0.0.1 - - [18/Dec/2019:11:02:13 +0330] "GET /sockjs-node/936/wrmesy1r/websocket HTTP/1.1" 400 40 "-" "Mozilla/5.0 (Windows NT 10.0; WOW64) AppleWebKit/537.36 (KHTML, like Gecko) Chrome/79.0.3945.79 Safari/537.36"
127.0.0.1 - - [18/Dec/2019:11:02:14 +0330] "POST /sockjs-node/988/hqqcp3if/xhr_streaming?t=1576654333690 HTTP/1.1" 499 0 "http://localhost/" "Mozilla/5.0 (Windows NT 10.0; WOW64) AppleWebKit/537.36 (KHTML, like Gecko) Chrome/79.0.3945.79 Safari/537.36"
127.0.0.1 - - [18/Dec/2019:11:02:14 +0330] "GET /sockjs-node/988/qqfregy1/eventsource HTTP/1.1" 200 133 "http://localhost/" "Mozilla/5.0 (Windows NT 10.0; WOW64) AppleWebKit/537.36 (KHTML, like Gecko) Chrome/79.0.3945.79 Safari/537.36"
127.0.0.1 - - [18/Dec/2019:11:02:15 +0330] "GET /sockjs-node/988/z5n5dzde/websocket HTTP/1.1" 400 40 "-" "Mozilla/5.0 (Windows NT 10.0; WOW64) AppleWebKit/537.36 (KHTML, like Gecko) Chrome/79.0.3945.79 Safari/537.36"
127.0.0.1 - - [18/Dec/2019:11:02:15 +0330] "GET /sockjs-node/info?t=1576654335682 HTTP/1.1" 200 89 "http://localhost/" "Mozilla/5.0 (Windows NT 10.0; WOW64) AppleWebKit/537.36 (KHTML, like Gecko) Chrome/79.0.3945.79 Safari/537.36"
127.0.0.1 - - [18/Dec/2019:11:02:16 +0330] "POST /sockjs-node/942/ro1e5lzh/xhr_streaming?t=1576654336340 HTTP/1.1" 499 0 "http://localhost/" "Mozilla/5.0 (Windows NT 10.0; WOW64) AppleWebKit/537.36 (KHTML, like Gecko) Chrome/79.0.3945.79 Safari/537.36"
127.0.0.1 - - [18/Dec/2019:11:02:17 +0330] "GET /sockjs-node/942/rfe0sgeb/eventsource HTTP/1.1" 499 0 "http://localhost/" "Mozilla/5.0 (Windows NT 10.0; WOW64) AppleWebKit/537.36 (KHTML, like Gecko) Chrome/79.0.3945.79 Safari/537.36"
127.0.0.1 - - [18/Dec/2019:11:02:18 +0330] "GET /__webpack_dev_server__/sockjs.bundle.js HTTP/1.1" 200 56291 "http://localhost/sockjs-node/iframe.html" "Mozilla/5.0 (Windows NT 10.0; WOW64) AppleWebKit/537.36 (KHTML, like Gecko) Chrome/79.0.3945.79 Safari/537.36"
127.0.0.1 - - [18/Dec/2019:11:02:18 +0330] "GET /sockjs-node/942/w2bfj3hp/websocket HTTP/1.1" 400 40 "-" "Mozilla/5.0 (Windows NT 10.0; WOW64) AppleWebKit/537.36 (KHTML, like Gecko) Chrome/79.0.3945.79 Safari/537.36"
127.0.0.1 - - [18/Dec/2019:11:02:18 +0330] "GET /sockjs-node/942/0ai3atou/eventsource HTTP/1.1" 499 0 "http://localhost/sockjs-node/iframe.html" "Mozilla/5.0 (Windows NT 10.0; WOW64) AppleWebKit/537.36 (KHTML, like Gecko) Chrome/79.0.3945.79 Safari/537.36"
127.0.0.1 - - [18/Dec/2019:11:02:19 +0330] "GET /sockjs-node/942/rpyzqtfd/htmlfile?c=_jp.alfehzt HTTP/1.1" 499 0 "http://localhost/" "Mozilla/5.0 (Windows NT 10.0; WOW64) AppleWebKit/537.36 (KHTML, like Gecko) Chrome/79.0.3945.79 Safari/537.36"
127.0.0.1 - - [18/Dec/2019:11:02:19 +0330] "GET /__webpack_dev_server__/sockjs.bundle.js HTTP/1.1" 200 56283 "http://localhost/sockjs-node/iframe.html" "Mozilla/5.0 (Windows NT 10.0; WOW64) AppleWebKit/537.36 (KHTML, like Gecko) Chrome/79.0.3945.79 Safari/537.36"
127.0.0.1 - - [18/Dec/2019:11:02:20 +0330] "GET /sockjs-node/942/2scfwcvy/htmlfile?c=_jp.aw2x3vr HTTP/1.1" 499 0 "http://localhost/sockjs-node/iframe.html" "Mozilla/5.0 (Windows NT 10.0; WOW64) AppleWebKit/537.36 (KHTML, like Gecko) Chrome/79.0.3945.79 Safari/537.36"
127.0.0.1 - - [18/Dec/2019:11:02:20 +0330] "POST /sockjs-node/942/ujrzxzl0/xhr?t=1576654340176 HTTP/1.1" 200 12 "http://localhost/" "Mozilla/5.0 (Windows NT 10.0; WOW64) AppleWebKit/537.36 (KHTML, like Gecko) Chrome/79.0.3945.79 Safari/537.36"
127.0.0.1 - - [18/Dec/2019:11:02:21 +0330] "POST /sockjs-node/942/ujrzxzl0/xhr?t=1576654340202 HTTP/1.1" 200 189 "http://localhost/" "Mozilla/5.0 (Windows NT 10.0; WOW64) AppleWebKit/537.36 (KHTML, like Gecko) Chrome/79.0.3945.79 Safari/537.36"
127.0.0.1 - - [18/Dec/2019:11:02:46 +0330] "POST /sockjs-node/942/ujrzxzl0/xhr?t=1576654341240 HTTP/1.1" 200 12 "http://localhost/" "Mozilla/5.0 (Windows NT 10.0; WOW64) AppleWebKit/537.36 (KHTML, like Gecko) Chrome/79.0.3945.79 Safari/537.36"
127.0.0.1 - - [18/Dec/2019:11:03:11 +0330] "POST /sockjs-node/942/ujrzxzl0/xhr?t=1576654366267 HTTP/1.1" 200 12 "http://localhost/" "Mozilla/5.0 (Windows NT 10.0; WOW64) AppleWebKit/537.36 (KHTML, like Gecko) Chrome/79.0.3945.79 Safari/537.36"
127.0.0.1 - - [18/Dec/2019:11:03:36 +0330] "POST /sockjs-node/942/ujrzxzl0/xhr?t=1576654391308 HTTP/1.1" 200 12 "http://localhost/" "Mozilla/5.0 (Windows NT 10.0; WOW64) AppleWebKit/537.36 (KHTML, like Gecko) Chrome/79.0.3945.79 Safari/537.36"
127.0.0.1 - - [18/Dec/2019:11:04:02 +0330] "POST /sockjs-node/942/ujrzxzl0/xhr?t=1576654416336 HTTP/1.1" 200 12 "http://localhost/" "Mozilla/5.0 (Windows NT 10.0; WOW64) AppleWebKit/537.36 (KHTML, like Gecko) Chrome/79.0.3945.79 Safari/537.36"
127.0.0.1 - - [18/Dec/2019:11:04:27 +0330] "POST /sockjs-node/942/ujrzxzl0/xhr?t=1576654442365 HTTP/1.1" 200 12 "http://localhost/" "Mozilla/5.0 (Windows NT 10.0; WOW64) AppleWebKit/537.36 (KHTML, like Gecko) Chrome/79.0.3945.79 Safari/537.36"
127.0.0.1 - - [18/Dec/2019:11:04:52 +0330] "POST /sockjs-node/942/ujrzxzl0/xhr?t=1576654467397 HTTP/1.1" 200 12 "http://localhost/" "Mozilla/5.0 (Windows NT 10.0; WOW64) AppleWebKit/537.36 (KHTML, like Gecko) Chrome/79.0.3945.79 Safari/537.36"
127.0.0.1 - - [18/Dec/2019:11:05:18 +0330] "POST /sockjs-node/942/ujrzxzl0/xhr?t=1576654492408 HTTP/1.1" 200 12 "http://localhost/" "Mozilla/5.0 (Windows NT 10.0; WOW64) AppleWebKit/537.36 (KHTML, like Gecko) Chrome/79.0.3945.79 Safari/537.36"
127.0.0.1 - - [18/Dec/2019:11:05:43 +0330] "POST /sockjs-node/942/ujrzxzl0/xhr?t=1576654518420 HTTP/1.1" 200 12 "http://localhost/" "Mozilla/5.0 (Windows NT 10.0; WOW64) AppleWebKit/537.36 (KHTML, like Gecko) Chrome/79.0.3945.79 Safari/537.36"
127.0.0.1 - - [18/Dec/2019:11:06:08 +0330] "POST /sockjs-node/942/ujrzxzl0/xhr?t=1576654543448 HTTP/1.1" 200 12 "http://localhost/" "Mozilla/5.0 (Windows NT 10.0; WOW64) AppleWebKit/537.36 (KHTML, like Gecko) Chrome/79.0.3945.79 Safari/537.36"
127.0.0.1 - - [18/Dec/2019:11:06:34 +0330] "POST /sockjs-node/942/ujrzxzl0/xhr?t=1576654568464 HTTP/1.1" 200 12 "http://localhost/" "Mozilla/5.0 (Windows NT 10.0; WOW64) AppleWebKit/537.36 (KHTML, like Gecko) Chrome/79.0.3945.79 Safari/537.36"
127.0.0.1 - - [18/Dec/2019:11:06:59 +0330] "POST /sockjs-node/942/ujrzxzl0/xhr?t=1576654594478 HTTP/1.1" 200 12 "http://localhost/" "Mozilla/5.0 (Windows NT 10.0; WOW64) AppleWebKit/537.36 (KHTML, like Gecko) Chrome/79.0.3945.79 Safari/537.36"
127.0.0.1 - - [18/Dec/2019:11:07:24 +0330] "POST /sockjs-node/942/ujrzxzl0/xhr?t=1576654619504 HTTP/1.1" 200 12 "http://localhost/" "Mozilla/5.0 (Windows NT 10.0; WOW64) AppleWebKit/537.36 (KHTML, like Gecko) Chrome/79.0.3945.79 Safari/537.36"
127.0.0.1 - - [18/Dec/2019:11:07:37 +0330] "POST /sockjs-node/942/ujrzxzl0/xhr?t=1576654644526 HTTP/1.1" 499 0 "http://localhost/" "Mozilla/5.0 (Windows NT 10.0; WOW64) AppleWebKit/537.36 (KHTML, like Gecko) Chrome/79.0.3945.79 Safari/537.36"
127.0.0.1 - - [18/Dec/2019:11:38:37 +0330] "GET / HTTP/1.1" 304 0 "-" "Mozilla/5.0 (Windows NT 10.0; WOW64) AppleWebKit/537.36 (KHTML, like Gecko) Chrome/79.0.3945.79 Safari/537.36"
127.0.0.1 - - [18/Dec/2019:11:38:37 +0330] "GET /runtime.js HTTP/1.1" 304 0 "http://localhost/" "Mozilla/5.0 (Windows NT 10.0; WOW64) AppleWebKit/537.36 (KHTML, like Gecko) Chrome/79.0.3945.79 Safari/537.36"
127.0.0.1 - - [18/Dec/2019:11:38:37 +0330] "GET /main.js HTTP/1.1" 304 0 "http://localhost/" "Mozilla/5.0 (Windows NT 10.0; WOW64) AppleWebKit/537.36 (KHTML, like Gecko) Chrome/79.0.3945.79 Safari/537.36"
127.0.0.1 - - [18/Dec/2019:11:38:37 +0330] "GET /styles.js HTTP/1.1" 304 0 "http://localhost/" "Mozilla/5.0 (Windows NT 10.0; WOW64) AppleWebKit/537.36 (KHTML, like Gecko) Chrome/79.0.3945.79 Safari/537.36"
127.0.0.1 - - [18/Dec/2019:11:38:37 +0330] "GET /vendor.js HTTP/1.1" 304 0 "http://localhost/" "Mozilla/5.0 (Windows NT 10.0; WOW64) AppleWebKit/537.36 (KHTML, like Gecko) Chrome/79.0.3945.79 Safari/537.36"
127.0.0.1 - - [18/Dec/2019:11:38:38 +0330] "GET /polyfills.js HTTP/1.1" 304 0 "http://localhost/" "Mozilla/5.0 (Windows NT 10.0; WOW64) AppleWebKit/537.36 (KHTML, like Gecko) Chrome/79.0.3945.79 Safari/537.36"
127.0.0.1 - - [18/Dec/2019:11:38:39 +0330] "GET /sockjs-node/info?t=1576656519127 HTTP/1.1" 200 90 "http://localhost/" "Mozilla/5.0 (Windows NT 10.0; WOW64) AppleWebKit/537.36 (KHTML, like Gecko) Chrome/79.0.3945.79 Safari/537.36"
127.0.0.1 - - [18/Dec/2019:11:38:39 +0330] "GET /favicon.ico HTTP/1.1" 200 948 "http://localhost/" "Mozilla/5.0 (Windows NT 10.0; WOW64) AppleWebKit/537.36 (KHTML, like Gecko) Chrome/79.0.3945.79 Safari/537.36"
127.0.0.1 - - [18/Dec/2019:11:38:39 +0330] "GET /sockjs-node/593/j5o0r10y/websocket HTTP/1.1" 400 40 "-" "Mozilla/5.0 (Windows NT 10.0; WOW64) AppleWebKit/537.36 (KHTML, like Gecko) Chrome/79.0.3945.79 Safari/537.36"
127.0.0.1 - - [18/Dec/2019:11:38:40 +0330] "POST /sockjs-node/593/24ctq2bm/xhr_streaming?t=1576656519523 HTTP/1.1" 499 0 "http://localhost/" "Mozilla/5.0 (Windows NT 10.0; WOW64) AppleWebKit/537.36 (KHTML, like Gecko) Chrome/79.0.3945.79 Safari/537.36"
127.0.0.1 - - [18/Dec/2019:11:38:40 +0330] "GET /sockjs-node/593/2vnvphzv/eventsource HTTP/1.1" 200 133 "http://localhost/" "Mozilla/5.0 (Windows NT 10.0; WOW64) AppleWebKit/537.36 (KHTML, like Gecko) Chrome/79.0.3945.79 Safari/537.36"
127.0.0.1 - - [18/Dec/2019:11:38:41 +0330] "GET /sockjs-node/info?t=1576656521207 HTTP/1.1" 200 90 "http://localhost/" "Mozilla/5.0 (Windows NT 10.0; WOW64) AppleWebKit/537.36 (KHTML, like Gecko) Chrome/79.0.3945.79 Safari/537.36"
127.0.0.1 - - [18/Dec/2019:11:38:41 +0330] "GET /sockjs-node/687/sg51expl/websocket HTTP/1.1" 400 40 "-" "Mozilla/5.0 (Windows NT 10.0; WOW64) AppleWebKit/537.36 (KHTML, like Gecko) Chrome/79.0.3945.79 Safari/537.36"
127.0.0.1 - - [18/Dec/2019:11:38:41 +0330] "POST /sockjs-node/687/hpuqvx2n/xhr_streaming?t=1576656521539 HTTP/1.1" 499 0 "http://localhost/" "Mozilla/5.0 (Windows NT 10.0; WOW64) AppleWebKit/537.36 (KHTML, like Gecko) Chrome/79.0.3945.79 Safari/537.36"
127.0.0.1 - - [18/Dec/2019:11:38:41 +0330] "GET /sockjs-node/687/tjvyerhw/eventsource HTTP/1.1" 200 133 "http://localhost/" "Mozilla/5.0 (Windows NT 10.0; WOW64) AppleWebKit/537.36 (KHTML, like Gecko) Chrome/79.0.3945.79 Safari/537.36"
127.0.0.1 - - [18/Dec/2019:11:38:44 +0330] "GET /sockjs-node/info?t=1576656524587 HTTP/1.1" 200 89 "http://localhost/" "Mozilla/5.0 (Windows NT 10.0; WOW64) AppleWebKit/537.36 (KHTML, like Gecko) Chrome/79.0.3945.79 Safari/537.36"
127.0.0.1 - - [18/Dec/2019:11:38:44 +0330] "GET /sockjs-node/984/hauywqdy/websocket HTTP/1.1" 400 40 "-" "Mozilla/5.0 (Windows NT 10.0; WOW64) AppleWebKit/537.36 (KHTML, like Gecko) Chrome/79.0.3945.79 Safari/537.36"
127.0.0.1 - - [18/Dec/2019:11:38:53 +0330] "POST /sockjs-node/984/efnud4y2/xhr_streaming?t=1576656525589 HTTP/1.1" 499 0 "http://localhost/" "Mozilla/5.0 (Windows NT 10.0; WOW64) AppleWebKit/537.36 (KHTML, like Gecko) Chrome/79.0.3945.79 Safari/537.36"
127.0.0.1 - - [18/Dec/2019:11:38:54 +0330] "GET /__webpack_dev_server__/sockjs.bundle.js HTTP/1.1" 200 56291 "http://localhost/sockjs-node/iframe.html" "Mozilla/5.0 (Windows NT 10.0; WOW64) AppleWebKit/537.36 (KHTML, like Gecko) Chrome/79.0.3945.79 Safari/537.36"
127.0.0.1 - - [18/Dec/2019:11:38:54 +0330] "GET /sockjs-node/984/bqpdm1jg/eventsource HTTP/1.1" 200 133 "http://localhost/sockjs-node/iframe.html" "Mozilla/5.0 (Windows NT 10.0; WOW64) AppleWebKit/537.36 (KHTML, like Gecko) Chrome/79.0.3945.79 Safari/537.36"
127.0.0.1 - - [18/Dec/2019:11:38:58 +0330] "GET /sockjs-node/info?t=1576656537309 HTTP/1.1" 200 90 "http://localhost/" "Mozilla/5.0 (Windows NT 10.0; WOW64) AppleWebKit/537.36 (KHTML, like Gecko) Chrome/79.0.3945.79 Safari/537.36"
127.0.0.1 - - [18/Dec/2019:11:38:58 +0330] "GET /sockjs-node/866/524puz3f/websocket HTTP/1.1" 400 40 "-" "Mozilla/5.0 (Windows NT 10.0; WOW64) AppleWebKit/537.36 (KHTML, like Gecko) Chrome/79.0.3945.79 Safari/537.36"
127.0.0.1 - - [18/Dec/2019:11:39:06 +0330] "POST /sockjs-node/866/xeek0nh5/xhr_streaming?t=1576656538642 HTTP/1.1" 499 0 "http://localhost/" "Mozilla/5.0 (Windows NT 10.0; WOW64) AppleWebKit/537.36 (KHTML, like Gecko) Chrome/79.0.3945.79 Safari/537.36"
127.0.0.1 - - [18/Dec/2019:11:39:06 +0330] "GET /sockjs-node/866/qv1zsx1a/eventsource HTTP/1.1" 200 133 "http://localhost/" "Mozilla/5.0 (Windows NT 10.0; WOW64) AppleWebKit/537.36 (KHTML, like Gecko) Chrome/79.0.3945.79 Safari/537.36"
127.0.0.1 - - [18/Dec/2019:11:39:06 +0330] "GET /__webpack_dev_server__/sockjs.bundle.js HTTP/1.1" 200 56291 "http://localhost/sockjs-node/iframe.html" "Mozilla/5.0 (Windows NT 10.0; WOW64) AppleWebKit/537.36 (KHTML, like Gecko) Chrome/79.0.3945.79 Safari/537.36"
127.0.0.1 - - [18/Dec/2019:11:39:06 +0330] "GET /sockjs-node/866/axxctwlg/eventsource HTTP/1.1" 200 133 "http://localhost/sockjs-node/iframe.html" "Mozilla/5.0 (Windows NT 10.0; WOW64) AppleWebKit/537.36 (KHTML, like Gecko) Chrome/79.0.3945.79 Safari/537.36"
127.0.0.1 - - [18/Dec/2019:11:39:07 +0330] "GET /sockjs-node/info?t=1576656547921 HTTP/1.1" 200 89 "http://localhost/" "Mozilla/5.0 (Windows NT 10.0; WOW64) AppleWebKit/537.36 (KHTML, like Gecko) Chrome/79.0.3945.79 Safari/537.36"
127.0.0.1 - - [18/Dec/2019:11:39:08 +0330] "GET /sockjs-node/514/mwm1g0u1/websocket HTTP/1.1" 400 40 "-" "Mozilla/5.0 (Windows NT 10.0; WOW64) AppleWebKit/537.36 (KHTML, like Gecko) Chrome/79.0.3945.79 Safari/537.36"
127.0.0.1 - - [18/Dec/2019:11:39:08 +0330] "POST /sockjs-node/514/vyrmjb53/xhr_streaming?t=1576656548254 HTTP/1.1" 499 0 "http://localhost/" "Mozilla/5.0 (Windows NT 10.0; WOW64) AppleWebKit/537.36 (KHTML, like Gecko) Chrome/79.0.3945.79 Safari/537.36"
127.0.0.1 - - [18/Dec/2019:11:39:08 +0330] "GET /sockjs-node/514/0t3evaa5/eventsource HTTP/1.1" 200 133 "http://localhost/" "Mozilla/5.0 (Windows NT 10.0; WOW64) AppleWebKit/537.36 (KHTML, like Gecko) Chrome/79.0.3945.79 Safari/537.36"
127.0.0.1 - - [18/Dec/2019:11:39:09 +0330] "GET /sockjs-node/info?t=1576656549658 HTTP/1.1" 200 90 "http://localhost/" "Mozilla/5.0 (Windows NT 10.0; WOW64) AppleWebKit/537.36 (KHTML, like Gecko) Chrome/79.0.3945.79 Safari/537.36"
127.0.0.1 - - [18/Dec/2019:11:39:09 +0330] "GET /sockjs-node/909/ne4zbbqv/websocket HTTP/1.1" 400 40 "-" "Mozilla/5.0 (Windows NT 10.0; WOW64) AppleWebKit/537.36 (KHTML, like Gecko) Chrome/79.0.3945.79 Safari/537.36"
127.0.0.1 - - [18/Dec/2019:11:39:10 +0330] "POST /sockjs-node/909/5xecspon/xhr_streaming?t=1576656549991 HTTP/1.1" 499 0 "http://localhost/" "Mozilla/5.0 (Windows NT 10.0; WOW64) AppleWebKit/537.36 (KHTML, like Gecko) Chrome/79.0.3945.79 Safari/537.36"
127.0.0.1 - - [18/Dec/2019:11:39:10 +0330] "GET /sockjs-node/909/0hacxfcf/eventsource HTTP/1.1" 200 133 "http://localhost/" "Mozilla/5.0 (Windows NT 10.0; WOW64) AppleWebKit/537.36 (KHTML, like Gecko) Chrome/79.0.3945.79 Safari/537.36"
127.0.0.1 - - [18/Dec/2019:11:39:10 +0330] "GET /__webpack_dev_server__/sockjs.bundle.js HTTP/1.1" 499 0 "http://localhost/sockjs-node/iframe.html" "Mozilla/5.0 (Windows NT 10.0; WOW64) AppleWebKit/537.36 (KHTML, like Gecko) Chrome/79.0.3945.79 Safari/537.36"
127.0.0.1 - - [18/Dec/2019:11:39:11 +0330] "GET /sockjs-node/909/5xvmsf3q/htmlfile?c=_jp.akius5l HTTP/1.1" 200 1241 "http://localhost/" "Mozilla/5.0 (Windows NT 10.0; WOW64) AppleWebKit/537.36 (KHTML, like Gecko) Chrome/79.0.3945.79 Safari/537.36"
127.0.0.1 - - [18/Dec/2019:11:39:12 +0330] "POST /sockjs-node/909/o1xe04tl/xhr?t=1576656551612 HTTP/1.1" 499 0 "http://localhost/" "Mozilla/5.0 (Windows NT 10.0; WOW64) AppleWebKit/537.36 (KHTML, like Gecko) Chrome/79.0.3945.79 Safari/537.36"
127.0.0.1 - - [18/Dec/2019:11:39:12 +0330] "GET /sockjs-node/909/o1wxlj3e/jsonp?c=_jp.akl2q50 HTTP/1.1" 200 34 "http://localhost/" "Mozilla/5.0 (Windows NT 10.0; WOW64) AppleWebKit/537.36 (KHTML, like Gecko) Chrome/79.0.3945.79 Safari/537.36"
127.0.0.1 - - [18/Dec/2019:11:39:13 +0330] "GET /sockjs-node/909/o1wxlj3e/jsonp?c=_jp.as5b4ip HTTP/1.1" 200 116 "http://localhost/" "Mozilla/5.0 (Windows NT 10.0; WOW64) AppleWebKit/537.36 (KHTML, like Gecko) Chrome/79.0.3945.79 Safari/537.36"
127.0.0.1 - - [18/Dec/2019:11:39:13 +0330] "GET /sockjs-node/909/o1wxlj3e/jsonp?c=_jp.afgcj54 HTTP/1.1" 200 59 "http://localhost/" "Mozilla/5.0 (Windows NT 10.0; WOW64) AppleWebKit/537.36 (KHTML, like Gecko) Chrome/79.0.3945.79 Safari/537.36"
127.0.0.1 - - [18/Dec/2019:11:39:14 +0330] "GET /sockjs-node/info?t=1576656554719 HTTP/1.1" 200 90 "http://localhost/" "Mozilla/5.0 (Windows NT 10.0; WOW64) AppleWebKit/537.36 (KHTML, like Gecko) Chrome/79.0.3945.79 Safari/537.36"
127.0.0.1 - - [18/Dec/2019:11:39:15 +0330] "GET /sockjs-node/685/w3drczt4/websocket HTTP/1.1" 400 40 "-" "Mozilla/5.0 (Windows NT 10.0; WOW64) AppleWebKit/537.36 (KHTML, like Gecko) Chrome/79.0.3945.79 Safari/537.36"
127.0.0.1 - - [18/Dec/2019:11:39:15 +0330] "POST /sockjs-node/685/kcrzsqeg/xhr_streaming?t=1576656555043 HTTP/1.1" 499 0 "http://localhost/" "Mozilla/5.0 (Windows NT 10.0; WOW64) AppleWebKit/537.36 (KHTML, like Gecko) Chrome/79.0.3945.79 Safari/537.36"
127.0.0.1 - - [18/Dec/2019:11:39:15 +0330] "GET /sockjs-node/685/32emcjgy/eventsource HTTP/1.1" 200 133 "http://localhost/" "Mozilla/5.0 (Windows NT 10.0; WOW64) AppleWebKit/537.36 (KHTML, like Gecko) Chrome/79.0.3945.79 Safari/537.36"
127.0.0.1 - - [18/Dec/2019:11:39:16 +0330] "GET /sockjs-node/info?t=1576656556452 HTTP/1.1" 200 90 "http://localhost/" "Mozilla/5.0 (Windows NT 10.0; WOW64) AppleWebKit/537.36 (KHTML, like Gecko) Chrome/79.0.3945.79 Safari/537.36"
127.0.0.1 - - [18/Dec/2019:11:39:16 +0330] "GET /sockjs-node/786/to00w0pi/websocket HTTP/1.1" 400 40 "-" "Mozilla/5.0 (Windows NT 10.0; WOW64) AppleWebKit/537.36 (KHTML, like Gecko) Chrome/79.0.3945.79 Safari/537.36"
127.0.0.1 - - [18/Dec/2019:11:39:17 +0330] "POST /sockjs-node/786/ouxqriof/xhr_streaming?t=1576656556776 HTTP/1.1" 499 0 "http://localhost/" "Mozilla/5.0 (Windows NT 10.0; WOW64) AppleWebKit/537.36 (KHTML, like Gecko) Chrome/79.0.3945.79 Safari/537.36"
127.0.0.1 - - [18/Dec/2019:11:39:17 +0330] "GET /sockjs-node/786/og1fhapq/eventsource HTTP/1.1" 200 133 "http://localhost/" "Mozilla/5.0 (Windows NT 10.0; WOW64) AppleWebKit/537.36 (KHTML, like Gecko) Chrome/79.0.3945.79 Safari/537.36"
127.0.0.1 - - [18/Dec/2019:11:39:18 +0330] "GET /sockjs-node/info?t=1576656558174 HTTP/1.1" 200 90 "http://localhost/" "Mozilla/5.0 (Windows NT 10.0; WOW64) AppleWebKit/537.36 (KHTML, like Gecko) Chrome/79.0.3945.79 Safari/537.36"
127.0.0.1 - - [18/Dec/2019:11:39:18 +0330] "GET /sockjs-node/909/1cfpknsv/websocket HTTP/1.1" 400 40 "-" "Mozilla/5.0 (Windows NT 10.0; WOW64) AppleWebKit/537.36 (KHTML, like Gecko) Chrome/79.0.3945.79 Safari/537.36"
127.0.0.1 - - [18/Dec/2019:11:39:18 +0330] "POST /sockjs-node/909/a5io5hcn/xhr_streaming?t=1576656558517 HTTP/1.1" 499 0 "http://localhost/" "Mozilla/5.0 (Windows NT 10.0; WOW64) AppleWebKit/537.36 (KHTML, like Gecko) Chrome/79.0.3945.79 Safari/537.36"
127.0.0.1 - - [18/Dec/2019:11:39:19 +0330] "GET /sockjs-node/909/pi0qki2b/eventsource HTTP/1.1" 499 0 "http://localhost/" "Mozilla/5.0 (Windows NT 10.0; WOW64) AppleWebKit/537.36 (KHTML, like Gecko) Chrome/79.0.3945.79 Safari/537.36"
127.0.0.1 - - [18/Dec/2019:11:39:19 +0330] "GET /__webpack_dev_server__/sockjs.bundle.js HTTP/1.1" 200 56291 "http://localhost/sockjs-node/iframe.html" "Mozilla/5.0 (Windows NT 10.0; WOW64) AppleWebKit/537.36 (KHTML, like Gecko) Chrome/79.0.3945.79 Safari/537.36"
127.0.0.1 - - [18/Dec/2019:11:39:19 +0330] "GET /sockjs-node/909/sssncgbe/eventsource HTTP/1.1" 200 133 "http://localhost/sockjs-node/iframe.html" "Mozilla/5.0 (Windows NT 10.0; WOW64) AppleWebKit/537.36 (KHTML, like Gecko) Chrome/79.0.3945.79 Safari/537.36"
127.0.0.1 - - [18/Dec/2019:11:39:19 +0330] "GET /sockjs-node/909/1sa5sq4e/htmlfile?c=_jp.at5drlk HTTP/1.1" 200 1241 "http://localhost/" "Mozilla/5.0 (Windows NT 10.0; WOW64) AppleWebKit/537.36 (KHTML, like Gecko) Chrome/79.0.3945.79 Safari/537.36"
127.0.0.1 - - [18/Dec/2019:11:39:20 +0330] "POST /sockjs-node/909/vd2ryalj/xhr?t=1576656560111 HTTP/1.1" 200 12 "http://localhost/" "Mozilla/5.0 (Windows NT 10.0; WOW64) AppleWebKit/537.36 (KHTML, like Gecko) Chrome/79.0.3945.79 Safari/537.36"
127.0.0.1 - - [18/Dec/2019:11:39:20 +0330] "POST /sockjs-node/909/vd2ryalj/xhr?t=1576656560130 HTTP/1.1" 200 189 "http://localhost/" "Mozilla/5.0 (Windows NT 10.0; WOW64) AppleWebKit/537.36 (KHTML, like Gecko) Chrome/79.0.3945.79 Safari/537.36"
127.0.0.1 - - [18/Dec/2019:11:39:24 +0330] "POST /sockjs-node/909/vd2ryalj/xhr?t=1576656560140 HTTP/1.1" 499 0 "http://localhost/" "Mozilla/5.0 (Windows NT 10.0; WOW64) AppleWebKit/537.36 (KHTML, like Gecko) Chrome/79.0.3945.79 Safari/537.36"
